Component: ARM Compiler 5.06 update 7 (build 960) Tool: armlink [4d3601]

==============================================================================

Section Cross References

    startup_stm32f407xx.o(RESET) refers to startup_stm32f407xx.o(STACK) for __initial_sp
    startup_stm32f407xx.o(RESET) refers to startup_stm32f407xx.o(.text) for Reset_Handler
    startup_stm32f407xx.o(RESET) refers to stm32f4xx_it.o(i.NMI_Handler) for NMI_Handler
    startup_stm32f407xx.o(RESET) refers to stm32f4xx_it.o(i.HardFault_Handler) for HardFault_Handler
    startup_stm32f407xx.o(RESET) refers to stm32f4xx_it.o(i.MemManage_Handler) for MemManage_Handler
    startup_stm32f407xx.o(RESET) refers to stm32f4xx_it.o(i.BusFault_Handler) for BusFault_Handler
    startup_stm32f407xx.o(RESET) refers to stm32f4xx_it.o(i.UsageFault_Handler) for UsageFault_Handler
    startup_stm32f407xx.o(RESET) refers to stm32f4xx_it.o(i.SVC_Handler) for SVC_Handler
    startup_stm32f407xx.o(RESET) refers to stm32f4xx_it.o(i.DebugMon_Handler) for DebugMon_Handler
    startup_stm32f407xx.o(RESET) refers to stm32f4xx_it.o(i.PendSV_Handler) for PendSV_Handler
    startup_stm32f407xx.o(RESET) refers to stm32f4xx_it.o(i.SysTick_Handler) for SysTick_Handler
    startup_stm32f407xx.o(RESET) refers to stm32f4xx_it.o(i.DMA1_Stream4_IRQHandler) for DMA1_Stream4_IRQHandler
    startup_stm32f407xx.o(RESET) refers to stm32f4xx_it.o(i.DMA1_Stream5_IRQHandler) for DMA1_Stream5_IRQHandler
    startup_stm32f407xx.o(RESET) refers to stm32f4xx_it.o(i.ADC_IRQHandler) for ADC_IRQHandler
    startup_stm32f407xx.o(RESET) refers to stm32f4xx_it.o(i.TIM3_IRQHandler) for TIM3_IRQHandler
    startup_stm32f407xx.o(RESET) refers to stm32f4xx_it.o(i.TIM4_IRQHandler) for TIM4_IRQHandler
    startup_stm32f407xx.o(RESET) refers to stm32f4xx_it.o(i.DMA2_Stream0_IRQHandler) for DMA2_Stream0_IRQHandler
    startup_stm32f407xx.o(RESET) refers to stm32f4xx_it.o(i.DMA2_Stream3_IRQHandler) for DMA2_Stream3_IRQHandler
    startup_stm32f407xx.o(.text) refers to system_stm32f4xx.o(i.SystemInit) for SystemInit
    startup_stm32f407xx.o(.text) refers to entry.o(.ARM.Collect$$$$00000000) for __main
    lcd.o(i.lcd_clear) refers to lcd.o(i.lcd_set_cursor) for lcd_set_cursor
    lcd.o(i.lcd_clear) refers to lcd.o(i.lcd_write_ram_prepare) for lcd_write_ram_prepare
    lcd.o(i.lcd_clear) refers to lcd.o(.bss) for .bss
    lcd.o(i.lcd_color_fill) refers to lcd.o(i.lcd_set_cursor) for lcd_set_cursor
    lcd.o(i.lcd_color_fill) refers to lcd.o(i.lcd_write_ram_prepare) for lcd_write_ram_prepare
    lcd.o(i.lcd_display_dir) refers to lcd.o(i.lcd_scan_dir) for lcd_scan_dir
    lcd.o(i.lcd_display_dir) refers to lcd.o(.bss) for .bss
    lcd.o(i.lcd_display_off) refers to lcd.o(i.lcd_wr_regno) for lcd_wr_regno
    lcd.o(i.lcd_display_off) refers to lcd.o(.bss) for .bss
    lcd.o(i.lcd_display_on) refers to lcd.o(i.lcd_wr_regno) for lcd_wr_regno
    lcd.o(i.lcd_display_on) refers to lcd.o(.bss) for .bss
    lcd.o(i.lcd_draw_circle) refers to lcd.o(i.lcd_draw_point) for lcd_draw_point
    lcd.o(i.lcd_draw_hline) refers to lcd.o(i.lcd_fill) for lcd_fill
    lcd.o(i.lcd_draw_hline) refers to lcd.o(.bss) for .bss
    lcd.o(i.lcd_draw_line) refers to lcd.o(i.lcd_draw_point) for lcd_draw_point
    lcd.o(i.lcd_draw_point) refers to lcd.o(i.lcd_set_cursor) for lcd_set_cursor
    lcd.o(i.lcd_draw_point) refers to lcd.o(i.lcd_write_ram_prepare) for lcd_write_ram_prepare
    lcd.o(i.lcd_draw_rectangle) refers to lcd.o(i.lcd_draw_line) for lcd_draw_line
    lcd.o(i.lcd_ex_ili9341_reginit) refers to lcd.o(i.lcd_wr_regno) for lcd_wr_regno
    lcd.o(i.lcd_ex_ili9341_reginit) refers to lcd.o(i.lcd_wr_data) for lcd_wr_data
    lcd.o(i.lcd_ex_ili9341_reginit) refers to stm32f4xx_hal.o(i.HAL_Delay) for HAL_Delay
    lcd.o(i.lcd_ex_ili9806_reginit) refers to lcd.o(i.lcd_wr_regno) for lcd_wr_regno
    lcd.o(i.lcd_ex_ili9806_reginit) refers to lcd.o(i.lcd_wr_data) for lcd_wr_data
    lcd.o(i.lcd_ex_ili9806_reginit) refers to stm32f4xx_hal.o(i.HAL_Delay) for HAL_Delay
    lcd.o(i.lcd_ex_nt35310_reginit) refers to lcd.o(i.lcd_wr_regno) for lcd_wr_regno
    lcd.o(i.lcd_ex_nt35310_reginit) refers to lcd.o(i.lcd_wr_data) for lcd_wr_data
    lcd.o(i.lcd_ex_nt35310_reginit) refers to stm32f4xx_hal.o(i.HAL_Delay) for HAL_Delay
    lcd.o(i.lcd_ex_nt35510_reginit) refers to lcd.o(i.lcd_write_reg) for lcd_write_reg
    lcd.o(i.lcd_ex_nt35510_reginit) refers to lcd.o(i.lcd_wr_regno) for lcd_wr_regno
    lcd.o(i.lcd_ex_nt35510_reginit) refers to stm32f4xx_hal.o(i.HAL_Delay) for HAL_Delay
    lcd.o(i.lcd_ex_ssd1963_reginit) refers to lcd.o(i.lcd_wr_regno) for lcd_wr_regno
    lcd.o(i.lcd_ex_ssd1963_reginit) refers to lcd.o(i.lcd_wr_data) for lcd_wr_data
    lcd.o(i.lcd_ex_ssd1963_reginit) refers to stm32f4xx_hal.o(i.HAL_Delay) for HAL_Delay
    lcd.o(i.lcd_ex_st7789_reginit) refers to lcd.o(i.lcd_wr_regno) for lcd_wr_regno
[...]
    i.HAL_ADC_ConvCpltCallback               0x080012e8   Section        0  stm32f4xx_hal_adc.o(i.HAL_ADC_ConvCpltCallback)
    i.HAL_ADC_ConvHalfCpltCallback           0x080012ea   Section        0  stm32f4xx_hal_adc.o(i.HAL_ADC_ConvHalfCpltCallback)
    i.HAL_ADC_ErrorCallback                  0x080012ec   Section        0  stm32f4xx_hal_adc.o(i.HAL_ADC_ErrorCallback)
    i.HAL_ADC_IRQHandler                     0x080012ee   Section        0  stm32f4xx_hal_adc.o(i.HAL_ADC_IRQHandler)
    i.HAL_ADC_Init                           0x0800141c   Section        0  stm32f4xx_hal_adc.o(i.HAL_ADC_Init)
    i.HAL_ADC_LevelOutOfWindowCallback       0x08001470   Section        0  stm32f4xx_hal_adc.o(i.HAL_ADC_LevelOutOfWindowCallback)
    i.HAL_ADC_MspInit                        0x08001474   Section        0  adc.o(i.HAL_ADC_MspInit)
    i.HAL_ADC_Start_DMA                      0x08001520   Section        0  stm32f4xx_hal_adc.o(i.HAL_ADC_Start_DMA)
    i.HAL_DAC_ConfigChannel                  0x08001674   Section        0  stm32f4xx_hal_dac.o(i.HAL_DAC_ConfigChannel)
    i.HAL_DAC_Init                           0x080016ba   Section        0  stm32f4xx_hal_dac.o(i.HAL_DAC_Init)
    i.HAL_DAC_MspInit                        0x080016e4   Section        0  dac.o(i.HAL_DAC_MspInit)
    i.HAL_DMA_IRQHandler                     0x08001780   Section        0  stm32f4xx_hal_dma.o(i.HAL_DMA_IRQHandler)
    i.HAL_DMA_Init                           0x08001920   Section        0  stm32f4xx_hal_dma.o(i.HAL_DMA_Init)
    i.HAL_DMA_Start_IT                       0x080019f4   Section        0  stm32f4xx_hal_dma.o(i.HAL_DMA_Start_IT)
    i.HAL_Delay                              0x08001a64   Section        0  stm32f4xx_hal.o(i.HAL_Delay)
    i.HAL_FSMC_MspInit                       0x08001a88   Section        0  fsmc.o(i.HAL_FSMC_MspInit)
    HAL_FSMC_MspInit                         0x08001a89   Thumb Code   144  fsmc.o(i.HAL_FSMC_MspInit)
    i.HAL_GPIO_Init                          0x08001b30   Section        0  stm32f4xx_hal_gpio.o(i.HAL_GPIO_Init)
    i.HAL_GPIO_WritePin                      0x08001d00   Section        0  stm32f4xx_hal_gpio.o(i.HAL_GPIO_WritePin)
    i.HAL_GetTick                            0x08001d0c   Section        0  stm32f4xx_hal.o(i.HAL_GetTick)
    i.HAL_I2C_Init                           0x08001d18   Section        0  stm32f4xx_hal_i2c.o(i.HAL_I2C_Init)
    i.HAL_I2C_MspInit                        0x08001ea0   Section        0  i2c.o(i.HAL_I2C_MspInit)
    i.HAL_IncTick                            0x08001f08   Section        0  stm32f4xx_hal.o(i.HAL_IncTick)
    i.HAL_Init                               0x08001f18   Section        0  stm32f4xx_hal.o(i.HAL_Init)
    i.HAL_InitTick                           0x08001f4c   Section        0  stm32f4xx_hal.o(i.HAL_InitTick)
    i.HAL_MspInit                            0x08001f8c   Section        0  stm32f4xx_hal_msp.o(i.HAL_MspInit)
    i.HAL_NVIC_EnableIRQ                     0x08001fbc   Section        0  stm32f4xx_hal_cortex.o(i.HAL_NVIC_EnableIRQ)
    i.HAL_NVIC_SetPriority                   0x08001fd8   Section        0  stm32f4xx_hal_cortex.o(i.HAL_NVIC_SetPriority)
    i.HAL_NVIC_SetPriorityGrouping           0x08002018   Section        0  stm32f4xx_hal_cortex.o(i.HAL_NVIC_SetPriorityGrouping)
    i.HAL_RCC_ClockConfig                    0x0800203c   Section        0  stm32f4xx_hal_rcc.o(i.HAL_RCC_ClockConfig)
    i.HAL_RCC_GetPCLK1Freq                   0x08002170   Section        0  stm32f4xx_hal_rcc.o(i.HAL_RCC_GetPCLK1Freq)
    i.HAL_RCC_GetPCLK2Freq                   0x08002190   Section        0  stm32f4xx_hal_rcc.o(i.HAL_RCC_GetPCLK2Freq)
    i.HAL_RCC_GetSysClockFreq                0x080021b0   Section        0  stm32f4xx_hal_rcc.o(i.HAL_RCC_GetSysClockFreq)
    i.HAL_RCC_OscConfig                      0x08002214   Section        0  stm32f4xx_hal_rcc.o(i.HAL_RCC_OscConfig)
    i.HAL_SPI_Init                           0x0800256c   Section        0  stm32f4xx_hal_spi.o(i.HAL_SPI_Init)
    i.HAL_SPI_MspInit                        0x08002628   Section        0  spi.o(i.HAL_SPI_MspInit)
    i.HAL_SRAM_Init                          0x08002788   Section        0  stm32f4xx_hal_sram.o(i.HAL_SRAM_Init)
    i.HAL_SRAM_MspInit                       0x080027e4   Section        0  fsmc.o(i.HAL_SRAM_MspInit)
    i.HAL_SYSTICK_Config                     0x080027e8   Section        0  stm32f4xx_hal_cortex.o(i.HAL_SYSTICK_Config)
    i.HAL_TIMEx_BreakCallback                0x08002810   Section        0  stm32f4xx_hal_tim_ex.o(i.HAL_TIMEx_BreakCallback)
    i.HAL_TIMEx_CommutCallback               0x08002812   Section        0  stm32f4xx_hal_tim_ex.o(i.HAL_TIMEx_CommutCallback)
    i.HAL_TIMEx_MasterConfigSynchronization  0x08002814   Section        0  stm32f4xx_hal_tim_ex.o(i.HAL_TIMEx_MasterConfigSynchronization)
    i.HAL_TIM_Base_Init                      0x080028a4   Section        0  stm32f4xx_hal_tim.o(i.HAL_TIM_Base_Init)
    i.HAL_TIM_Base_MspInit                   0x08002900   Section        0  tim.o(i.HAL_TIM_Base_MspInit)
    i.HAL_TIM_Base_Start                     0x080029f8   Section        0  stm32f4xx_hal_tim.o(i.HAL_TIM_Base_Start)
    i.HAL_TIM_ConfigClockSource              0x08002a70   Section        0  stm32f4xx_hal_tim.o(i.HAL_TIM_ConfigClockSource)
    i.HAL_TIM_IC_CaptureCallback             0x08002b4c   Section        0  main.o(i.HAL_TIM_IC_CaptureCallback)
    i.HAL_TIM_IC_ConfigChannel               0x08002ba4   Section        0  stm32f4xx_hal_tim.o(i.HAL_TIM_IC_ConfigChannel)
    i.HAL_TIM_IC_Init                        0x08002cc4   Section        0  stm32f4xx_hal_tim.o(i.HAL_TIM_IC_Init)
    i.HAL_TIM_IC_MspInit                     0x08002d1e   Section        0  stm32f4xx_hal_tim.o(i.HAL_TIM_IC_MspInit)
    i.HAL_TIM_IC_Start_IT                    0x08002d20   Section        0  stm32f4xx_hal_tim.o(i.HAL_TIM_IC_Start_IT)
    i.HAL_TIM_IRQHandler                     0x08002e4c   Section        0  stm32f4xx_hal_tim.o(i.HAL_TIM_IRQHandler)
    i.HAL_TIM_OC_DelayElapsedCallback        0x08002fb2   Section        0  stm32f4xx_hal_tim.o(i.HAL_TIM_OC_DelayElapsedCallback)
    i.HAL_TIM_PWM_ConfigChannel              0x08002fb4   Section        0  stm32f4xx_hal_tim.o(i.HAL_TIM_PWM_ConfigChannel)
    i.HAL_TIM_PWM_Init                       0x08003080   Section        0  stm32f4xx_hal_tim.o(i.HAL_TIM_PWM_Init)
    i.HAL_TIM_PWM_MspInit                    0x080030da   Section        0  stm32f4xx_hal_tim.o(i.HAL_TIM_PWM_MspInit)
    i.HAL_TIM_PWM_PulseFinishedCallback      0x080030dc   Section        0  stm32f4xx_hal_tim.o(i.HAL_TIM_PWM_PulseFinishedCallback)
    i.HAL_TIM_PeriodElapsedCallback          0x080030de   Section        0  stm32f4xx_hal_tim.o(i.HAL_TIM_PeriodElapsedCallback)
    i.HAL_TIM_ReadCapturedValue              0x080030e0   Section        0  stm32f4xx_hal_tim.o(i.HAL_TIM_ReadCapturedValue)
    i.HAL_TIM_SlaveConfigSynchro             0x0800310a   Section        0  stm32f4xx_hal_tim.o(i.HAL_TIM_SlaveConfigSynchro)
    i.HAL_TIM_TriggerCallback                0x0800315c   Section        0  stm32f4xx_hal_tim.o(i.HAL_TIM_TriggerCallback)
    i.HAL_UART_Init                          0x0800315e   Section        0  stm32f4xx_hal_uart.o(i.HAL_UART_Init)
    i.HAL_UART_MspInit                       0x080031c0   Section        0  usart.o(i.HAL_UART_MspInit)
    i.HAL_UART_Transmit                      0x0800322c   Section        0  stm32f4xx_hal_uart.o(i.HAL_UART_Transmit)
    i.HardFault_Handler                      0x080032dc   Section        0  stm32f4xx_it.o(i.HardFault_Handler)
    i.Lcd_DrawNetwork                        0x080032de   Section        0  lcd_show.o(i.Lcd_DrawNetwork)
    i.MX_ADC1_Init                           0x08003330   Section        0  adc.o(i.MX_ADC1_Init)
    i.MX_DAC_Init                            0x08003394   Section        0  dac.o(i.MX_DAC_Init)
    i.MX_DMA_Init                            0x080033e8   Section        0  dma.o(i.MX_DMA_Init)
    i.MX_FSMC_Init                           0x08003454   Section        0  fsmc.o(i.MX_FSMC_Init)
    i.MX_GPIO_Init                           0x080034dc   Section        0  gpio.o(i.MX_GPIO_Init)
    i.MX_I2C1_Init                           0x08003610   Section        0  i2c.o(i.MX_I2C1_Init)
    i.MX_SPI1_Init                           0x08003650   Section        0  spi.o(i.MX_SPI1_Init)
    i.MX_SPI2_Init                           0x08003694   Section        0  spi.o(i.MX_SPI2_Init)
    i.MX_TIM2_Init                           0x080036dc   Section        0  tim.o(i.MX_TIM2_Init)
    i.MX_TIM3_Init                           0x08003774   Section        0  tim.o(i.MX_TIM3_Init)
    i.MX_TIM4_Init                           0x08003840   Section        0  tim.o(i.MX_TIM4_Init)
    i.MX_TIM5_Init                           0x080038a8   Section        0  tim.o(i.MX_TIM5_Init)
    i.MX_USART1_UART_Init                    0x08003910   Section        0  usart.o(i.MX_USART1_UART_Init)
    i.MemManage_Handler                      0x08003948   Section        0  stm32f4xx_it.o(i.MemManage_Handler)
    i.NMI_Handler                            0x0800394a   Section        0  stm32f4xx_it.o(i.NMI_Handler)
    i.PWM_Input_Capture                      0x0800394c   Section        0  main.o(i.PWM_Input_Capture)
    i.PendSV_Handler                         0x08003a40   Section        0  stm32f4xx_it.o(i.PendSV_Handler)
    i.SVC_Handler                            0x08003a42   Section        0  stm32f4xx_it.o(i.SVC_Handler)
    i.Set_BackGround                         0x08003a44   Section        0  lcd_show.o(i.Set_BackGround)
    i.SysTick_Handler                        0x08003a74   Section        0  stm32f4xx_it.o(i.SysTick_Handler)
    i.SystemClock_Config                     0x08003a78   Section        0  main.o(i.SystemClock_Config)
    i.SystemInit                             0x08003b0c   Section        0  system_stm32f4xx.o(i.SystemInit)
    i.TIM3_IRQHandler                        0x08003b1c   Section        0  stm32f4xx_it.o(i.TIM3_IRQHandler)
    i.TIM4_IRQHandler                        0x08003b28   Section        0  stm32f4xx_it.o(i.TIM4_IRQHandler)
    i.TIM_Base_SetConfig                     0x08003b34   Section        0  stm32f4xx_hal_tim.o(i.TIM_Base_SetConfig)
    i.TIM_CCxChannelCmd                      0x08003bfc   Section        0  stm32f4xx_hal_tim.o(i.TIM_CCxChannelCmd)
    i.TIM_ETR_SetConfig                      0x08003c16   Section        0  stm32f4xx_hal_tim.o(i.TIM_ETR_SetConfig)
    i.TIM_ITRx_SetConfig                     0x08003c2a   Section        0  stm32f4xx_hal_tim.o(i.TIM_ITRx_SetConfig)
    TIM_ITRx_SetConfig                       0x08003c2b   Thumb Code    16  stm32f4xx_hal_tim.o(i.TIM_ITRx_SetConfig)
    i.TIM_OC1_SetConfig                      0x08003c3c   Section        0  stm32f4xx_hal_tim.o(i.TIM_OC1_SetConfig)
    TIM_OC1_SetConfig                        0x08003c3d   Thumb Code    88  stm32f4xx_hal_tim.o(i.TIM_OC1_SetConfig)
    i.TIM_OC2_SetConfig                      0x08003c9c   Section        0  stm32f4xx_hal_tim.o(i.TIM_OC2_SetConfig)
    i.TIM_OC3_SetConfig                      0x08003d08   Section        0  stm32f4xx_hal_tim.o(i.TIM_OC3_SetConfig)
    TIM_OC3_SetConfig                        0x08003d09   Thumb Code    96  stm32f4xx_hal_tim.o(i.TIM_OC3_SetConfig)
    i.TIM_OC4_SetConfig                      0x08003d70   Section        0  stm32f4xx_hal_tim.o(i.TIM_OC4_SetConfig)
    TIM_OC4_SetConfig                        0x08003d71   Thumb Code    70  stm32f4xx_hal_tim.o(i.TIM_OC4_SetConfig)
    i.TIM_SlaveTimer_SetConfig               0x08003dc0   Section        0  stm32f4xx_hal_tim.o(i.TIM_SlaveTimer_SetConfig)
    TIM_SlaveTimer_SetConfig                 0x08003dc1   Thumb Code   140  stm32f4xx_hal_tim.o(i.TIM_SlaveTimer_SetConfig)
    i.TIM_TI1_ConfigInputStage               0x08003e4c   Section        0  stm32f4xx_hal_tim.o(i.TIM_TI1_ConfigInputStage)
    TIM_TI1_ConfigInputStage                 0x08003e4d   Thumb Code    34  stm32f4xx_hal_tim.o(i.TIM_TI1_ConfigInputStage)
    i.TIM_TI1_SetConfig                      0x08003e70   Section        0  stm32f4xx_hal_tim.o(i.TIM_TI1_SetConfig)
    i.TIM_TI2_ConfigInputStage               0x08003ef0   Section        0  stm32f4xx_hal_tim.o(i.TIM_TI2_ConfigInputStage)
    TIM_TI2_ConfigInputStage                 0x08003ef1   Thumb Code    36  stm32f4xx_hal_tim.o(i.TIM_TI2_ConfigInputStage)
    i.TIM_TI2_SetConfig                      0x08003f14   Section        0  stm32f4xx_hal_tim.o(i.TIM_TI2_SetConfig)
    TIM_TI2_SetConfig                        0x08003f15   Thumb Code    54  stm32f4xx_hal_tim.o(i.TIM_TI2_SetConfig)
    i.UART_SetConfig                         0x08003f4c   Section        0  stm32f4xx_hal_uart.o(i.UART_SetConfig)
    UART_SetConfig                           0x08003f4d   Thumb Code   258  stm32f4xx_hal_uart.o(i.UART_SetConfig)
    i.UART_WaitOnFlagUntilTimeout            0x08004058   Section        0  stm32f4xx_hal_uart.o(i.UART_WaitOnFlagUntilTimeout)
    UART_WaitOnFlagUntilTimeout              0x08004059   Thumb Code   118  stm32f4xx_hal_uart.o(i.UART_WaitOnFlagUntilTimeout)
    i.UsageFault_Handler                     0x080040ce   Section        0  stm32f4xx_it.o(i.UsageFault_Handler)
    i.Write_8bit                             0x080040d0   Section        0  ad9910.o(i.Write_8bit)
    i.__0printf                              0x0800412c   Section        0  printfa.o(i.__0printf)
    i.__0sprintf                             0x0800414c   Section        0  printfa.o(i.__0sprintf)
    i.__NVIC_SetPriority                     0x08004174   Section        0  stm32f4xx_hal_cortex.o(i.__NVIC_SetPriority)
    __NVIC_SetPriority                       0x08004175   Thumb Code    32  stm32f4xx_hal_cortex.o(i.__NVIC_SetPriority)
    i.__scatterload_copy                     0x08004194   Section       14  handlers.o(i.__scatterload_copy)
    i.__scatterload_null                     0x080041a2   Section        2  handlers.o(i.__scatterload_null)
    i.__scatterload_zeroinit                 0x080041a4   Section       14  handlers.o(i.__scatterload_zeroinit)
    i._fp_digits                             0x080041b4   Section        0  printfa.o(i._fp_digits)
    _fp_digits                               0x080041b5   Thumb Code   366  printfa.o(i._fp_digits)
    i._printf_core                           0x08004338   Section        0  printfa.o(i._printf_core)
    _printf_core                             0x08004339   Thumb Code  1704  printfa.o(i._printf_core)
    i._printf_post_padding                   0x080049ec   Section        0  printfa.o(i._printf_post_padding)
    _printf_post_padding                     0x080049ed   Thumb Code    36  printfa.o(i._printf_post_padding)
    i._printf_pre_padding                    0x08004a10   Section        0  printfa.o(i._printf_pre_padding)
    _printf_pre_padding                      0x08004a11   Thumb Code    46  printfa.o(i._printf_pre_padding)
    i._sputc                                 0x08004a3e   Section        0  printfa.o(i._sputc)
    _sputc                                   0x08004a3f   Thumb Code    10  printfa.o(i._sputc)
    i.fputc                                  0x08004a48   Section        0  usart.o(i.fputc)
    i.lcd_clear                              0x08004a60   Section        0  lcd.o(i.lcd_clear)
    i.lcd_display_dir                        0x08004a90   Section        0  lcd.o(i.lcd_display_dir)
    i.lcd_draw_line                          0x08004b78   Section        0  lcd.o(i.lcd_draw_line)
    i.lcd_draw_point                         0x08004c10   Section        0  lcd.o(i.lcd_draw_point)
    i.lcd_draw_rectangle                     0x08004c26   Section        0  lcd.o(i.lcd_draw_rectangle)
    i.lcd_ex_ili9341_reginit                 0x08004c6a   Section        0  lcd.o(i.lcd_ex_ili9341_reginit)
    i.lcd_ex_ili9806_reginit                 0x08004e98   Section        0  lcd.o(i.lcd_ex_ili9806_reginit)
    i.lcd_ex_nt35310_reginit                 0x080051da   Section        0  lcd.o(i.lcd_ex_nt35310_reginit)
    i.lcd_ex_nt35510_reginit                 0x080060ce   Section        0  lcd.o(i.lcd_ex_nt35510_reginit)
    i.lcd_ex_ssd1963_reginit                 0x08006fc8   Section        0  lcd.o(i.lcd_ex_ssd1963_reginit)
    i.lcd_ex_st7789_reginit                  0x08007138   Section        0  lcd.o(i.lcd_ex_st7789_reginit)
    i.lcd_ex_st7796_reginit                  0x080072e2   Section        0  lcd.o(i.lcd_ex_st7796_reginit)
    i.lcd_init                               0x080074ac   Section        0  lcd.o(i.lcd_init)
    i.lcd_rd_data                            0x08007728   Section        0  lcd.o(i.lcd_rd_data)
    lcd_rd_data                              0x08007729   Thumb Code    26  lcd.o(i.lcd_rd_data)
    i.lcd_scan_dir                           0x08007744   Section        0  lcd.o(i.lcd_scan_dir)
    i.lcd_set_cursor                         0x080078e8   Section        0  lcd.o(i.lcd_set_cursor)
    i.lcd_show_char                          0x080079d8   Section        0  lcd.o(i.lcd_show_char)
    i.lcd_show_string                        0x08007ab4   Section        0  lcd.o(i.lcd_show_string)
    i.lcd_ssd_backlight_set                  0x08007b0c   Section        0  lcd.o(i.lcd_ssd_backlight_set)
    i.lcd_wr_data                            0x08007b5c   Section        0  lcd.o(i.lcd_wr_data)
    i.lcd_wr_regno                           0x08007b74   Section        0  lcd.o(i.lcd_wr_regno)
    i.lcd_write_ram_prepare                  0x08007b8c   Section        0  lcd.o(i.lcd_write_ram_prepare)
    i.lcd_write_reg                          0x08007ba0   Section        0  lcd.o(i.lcd_write_reg)
    i.main                                   0x08007bac   Section        0  main.o(i.main)
    .constdata                               0x08007cc0   Section    12160  lcd.o(.constdata)
    .constdata                               0x0800ac40   Section        8  stm32f4xx_hal_dma.o(.constdata)
    flagBitshiftOffset                       0x0800ac40   Data           8  stm32f4xx_hal_dma.o(.constdata)
    .constdata                               0x0800ac48   Section       16  system_stm32f4xx.o(.constdata)
    .constdata                               0x0800ac58   Section        8  system_stm32f4xx.o(.constdata)
    .data                                    0x20000000   Section        4  lcd.o(.data)
    .data                                    0x20000004   Section        4  lcd.o(.data)
    .data                                    0x20000008   Section       52  lcd_show.o(.data)
    Ypos1                                    0x20000008   Data           2  lcd_show.o(.data)
    Ypos2                                    0x2000000a   Data           2  lcd_show.o(.data)
    .data                                    0x2000003c   Section       20  main.o(.data)
    .data                                    0x20000050   Section        8  fsmc.o(.data)
    FSMC_Initialized                         0x20000050   Data           4  fsmc.o(.data)
    FSMC_DeInitialized                       0x20000054   Data           4  fsmc.o(.data)
    .data                                    0x20000058   Section       12  stm32f4xx_hal.o(.data)
    .data                                    0x20000064   Section        4  system_stm32f4xx.o(.data)
    .data                                    0x20000068   Section    22576  ad9910.o(.data)
    .data                                    0x20005898   Section        4  stdout.o(.data)
    .bss                                     0x2000589c   Section       94  lcd.o(.bss)
    .bss                                     0x200058fc   Section    16484  lcd_show.o(.bss)
    .bss                                     0x20009960   Section    24606  main.o(.bss)
    .bss                                     0x2000f980   Section      168  adc.o(.bss)
    .bss                                     0x2000fa28   Section      116  dac.o(.bss)
    .bss                                     0x2000fa9c   Section       80  fsmc.o(.bss)
    .bss                                     0x2000faec   Section       84  i2c.o(.bss)
    .bss                                     0x2000fb40   Section      368  spi.o(.bss)
    .bss                                     0x2000fcb0   Section      288  tim.o(.bss)
    .bss                                     0x2000fdd0   Section       68  usart.o(.bss)
    STACK                                    0x2000fe18   Section     1024  startup_stm32f407xx.o(STACK)

    Global Symbols

    Symbol Name                              Value     Ov Type        Size  Object(Section)

    BuildAttributes$$THM_ISAv4$E$P$D$K$B$S$7EM$VFPi3$EXTD16$VFPS$VFMA$PE$A:L22UL41UL21$X:L11$S22US41US21$IEEE1$IW$USESV6$~STKCKD$USESV7$~SHL$OTIME$ROPI$IEEEX$EBA8$MICROLIB$REQ8$PRES8$EABIv2 0x00000000   Number         0  anon$$obj.o ABSOLUTE
    __ARM_use_no_argv                        0x00000000   Number         0  main.o ABSOLUTE
    _printf_a                                0x00000000   Number         0  stubs.o ABSOLUTE
    _printf_c                                0x00000000   Number         0  stubs.o ABSOLUTE
    _printf_charcount                        0x00000000   Number         0  stubs.o ABSOLUTE
    _printf_d                                0x00000000   Number         0  stubs.o ABSOLUTE
    _printf_e                                0x00000000   Number         0  stubs.o ABSOLUTE
    _printf_f                                0x00000000   Number         0  stubs.o ABSOLUTE
    _printf_flags                            0x00000000   Number         0  stubs.o ABSOLUTE
    _printf_fp_dec                           0x00000000   Number         0  stubs.o ABSOLUTE
    _printf_fp_hex                           0x00000000   Number         0  stubs.o ABSOLUTE
    _printf_g                                0x00000000   Number         0  stubs.o ABSOLUTE
    _printf_i                                0x00000000   Number         0  stubs.o ABSOLUTE
    _printf_int_dec                          0x00000000   Number         0  stubs.o ABSOLUTE
    _printf_l                                0x00000000   Number         0  stubs.o ABSOLUTE
    _printf_lc                               0x00000000   Number         0  stubs.o ABSOLUTE
    _printf_ll                               0x00000000   Number         0  stubs.o ABSOLUTE
    _printf_lld                              0x00000000   Number         0  stubs.o ABSOLUTE
    _printf_lli                              0x00000000   Number         0  stubs.o ABSOLUTE
    _printf_llo                              0x00000000   Number         0  stubs.o ABSOLUTE
    _printf_llu                              0x00000000   Number         0  stubs.o ABSOLUTE
    _printf_llx                              0x00000000   Number         0  stubs.o ABSOLUTE
    _printf_longlong_dec                     0x00000000   Number         0  stubs.o ABSOLUTE
    _printf_longlong_hex                     0x00000000   Number         0  stubs.o ABSOLUTE
    _printf_longlong_oct                     0x00000000   Number         0  stubs.o ABSOLUTE
    _printf_ls                               0x00000000   Number         0  stubs.o ABSOLUTE
    _printf_mbtowc                           0x00000000   Number         0  stubs.o ABSOLUTE
    _printf_n                                0x00000000   Number         0  stubs.o ABSOLUTE
    _printf_o                                0x00000000   Number         0  stubs.o ABSOLUTE
    _printf_p                                0x00000000   Number         0  stubs.o ABSOLUTE
    _printf_percent                          0x00000000   Number         0  stubs.o ABSOLUTE
    _printf_pre_padding                      0x00000000   Number         0  stubs.o ABSOLUTE
    _printf_return_value                     0x00000000   Number         0  stubs.o ABSOLUTE
    _printf_s                                0x00000000   Number         0  stubs.o ABSOLUTE
    _printf_sizespec                         0x00000000   Number         0  stubs.o ABSOLUTE
    _printf_str                              0x00000000   Number         0  stubs.o ABSOLUTE
    _printf_truncate_signed                  0x00000000   Number         0  stubs.o ABSOLUTE
    _printf_truncate_unsigned                0x00000000   Number         0  stubs.o ABSOLUTE
    _printf_u                                0x00000000   Number         0  stubs.o ABSOLUTE
    _printf_wc                               0x00000000   Number         0  stubs.o ABSOLUTE
    _printf_wctomb                           0x00000000   Number         0  stubs.o ABSOLUTE
    _printf_widthprec                        0x00000000   Number         0  stubs.o ABSOLUTE
    _printf_x                                0x00000000   Number         0  stubs.o ABSOLUTE
    __arm_fini_                               - Undefined Weak Reference
    __cpp_initialize__aeabi_                  - Undefined Weak Reference
    __cxa_finalize                            - Undefined Weak Reference
    _clock_init                               - Undefined Weak Reference
    _microlib_exit                            - Undefined Weak Reference
    __Vectors_Size                           0x00000188   Number         0  startup_stm32f407xx.o ABSOLUTE
    __Vectors                                0x08000000   Data           4  startup_stm32f407xx.o(RESET)
    __Vectors_End                            0x08000188   Data           0  startup_stm32f407xx.o(RESET)
    __main                                   0x08000189   Thumb Code     0  entry.o(.ARM.Collect$$$$00000000)
    _main_stk                                0x08000189   Thumb Code     0  entry2.o(.ARM.Collect$$$$00000001)
    _main_scatterload                        0x0800018d   Thumb Code     0  entry5.o(.ARM.Collect$$$$00000004)
    __main_after_scatterload                 0x08000191   Thumb Code     0  entry5.o(.ARM.Collect$$$$00000004)
    _main_clock                              0x08000191   Thumb Code     0  entry7b.o(.ARM.Collect$$$$00000008)
    _main_cpp_init                           0x08000191   Thumb Code     0  entry8b.o(.ARM.Collect$$$$0000000A)
    _main_init                               0x08000191   Thumb Code     0  entry9a.o(.ARM.Collect$$$$0000000B)
    __rt_lib_shutdown_fini                   0x08000199   Thumb Code     0  entry12b.o(.ARM.Collect$$$$0000000E)
    __rt_final_cpp                           0x0800019d   Thumb Code     0  entry10a.o(.ARM.Collect$$$$0000000F)
    __rt_final_exit                          0x0800019d   Thumb Code     0  entry11a.o(.ARM.Collect$$$$00000011)
    Reset_Handler                            0x080001a1   Thumb Code     8  startup_stm32f407xx.o(.text)
    CAN1_RX0_IRQHandler                      0x080001bb   Thumb Code     0  startup_stm32f407xx.o(.text)
    CAN1_RX1_IRQHandler                      0x080001bb   Thumb Code     0  startup_stm32f407xx.o(.text)
    CAN1_SCE_IRQHandler                      0x080001bb   Thumb Code     0  startup_stm32f407xx.o(.text)
    CAN1_TX_IRQHandler                       0x080001bb   Thumb Code     0  startup_stm32f407xx.o(.text)
    CAN2_RX0_IRQHandler                      0x080001bb   Thumb Code     0  startup_stm32f407xx.o(.text)
    CAN2_RX1_IRQHandler                      0x080001bb   Thumb Code     0  startup_stm32f407xx.o(.text)
    CAN2_SCE_IRQHandler                      0x080001bb   Thumb Code     0  startup_stm32f407xx.o(.text)
    CAN2_TX_IRQHandler                       0x080001bb   Thumb Code     0  startup_stm32f407xx.o(.text)
    DCMI_IRQHandler                          0x080001bb   Thumb Code     0  startup_stm32f407xx.o(.text)
    DMA1_Stream0_IRQHandler                  0x080001bb   Thumb Code     0  startup_stm32f407xx.o(.text)
    DMA1_Stream1_IRQHandler                  0x080001bb   Thumb Code     0  startup_stm32f407xx.o(.text)
    DMA1_Stream2_IRQHandler                  0x080001bb   Thumb Code     0  startup_stm32f407xx.o(.text)
    DMA1_Stream3_IRQHandler                  0x080001bb   Thumb Code     0  startup_stm32f407xx.o(.text)
    DMA1_Stream6_IRQHandler                  0x080001bb   Thumb Code     0  startup_stm32f407xx.o(.text)
    DMA1_Stream7_IRQHandler                  0x080001bb   Thumb Code     0  startup_stm32f407xx.o(.text)
    DMA2_Stream1_IRQHandler                  0x080001bb   Thumb Code     0  startup_stm32f407xx.o(.text)
    DMA2_Stream2_IRQHandler                  0x080001bb   Thumb Code     0  startup_stm32f407xx.o(.text)
    DMA2_Stream4_IRQHandler                  0x080001bb   Thumb Code     0  startup_stm32f407xx.o(.text)
    DMA2_Stream5_IRQHandler                  0x080001bb   Thumb Code     0  startup_stm32f407xx.o(.text)
    DMA2_Stream6_IRQHandler                  0x080001bb   Thumb Code     0  startup_stm32f407xx.o(.text)
    DMA2_Stream7_IRQHandler                  0x080001bb   Thumb Code     0  startup_stm32f407xx.o(.text)
    ETH_IRQHandler                           0x080001bb   Thumb Code     0  startup_stm32f407xx.o(.text)
    ETH_WKUP_IRQHandler                      0x080001bb   Thumb Code     0  startup_stm32f407xx.o(.text)
    EXTI0_IRQHandler                         0x080001bb   Thumb Code     0  startup_stm32f407xx.o(.text)
    EXTI15_10_IRQHandler                     0x080001bb   Thumb Code     0  startup_stm32f407xx.o(.text)
    EXTI1_IRQHandler                         0x080001bb   Thumb Code     0  startup_stm32f407xx.o(.text)
    EXTI2_IRQHandler                         0x080001bb   Thumb Code     0  startup_stm32f407xx.o(.text)
    EXTI3_IRQHandler                         0x080001bb   Thumb Code     0  startup_stm32f407xx.o(.text)
    EXTI4_IRQHandler                         0x080001bb   Thumb Code     0  startup_stm32f407xx.o(.text)
    EXTI9_5_IRQHandler                       0x080001bb   Thumb Code     0  startup_stm32f407xx.o(.text)
    FLASH_IRQHandler                         0x080001bb   Thumb Code     0  startup_stm32f407xx.o(.text)
    FMC_IRQHandler                           0x080001bb   Thumb Code     0  startup_stm32f407xx.o(.text)
    FPU_IRQHandler                           0x080001bb   Thumb Code     0  startup_stm32f407xx.o(.text)
    HASH_RNG_IRQHandler                      0x080001bb   Thumb Code     0  startup_stm32f407xx.o(.text)
    I2C1_ER_IRQHandler                       0x080001bb   Thumb Code     0  startup_stm32f407xx.o(.text)
    I2C1_EV_IRQHandler                       0x080001bb   Thumb Code     0  startup_stm32f407xx.o(.text)
    I2C2_ER_IRQHandler                       0x080001bb   Thumb Code     0  startup_stm32f407xx.o(.text)
    I2C2_EV_IRQHandler                       0x080001bb   Thumb Code     0  startup_stm32f407xx.o(.text)
    I2C3_ER_IRQHandler                       0x080001bb   Thumb Code     0  startup_stm32f407xx.o(.text)
    I2C3_EV_IRQHandler                       0x080001bb   Thumb Code     0  startup_stm32f407xx.o(.text)
    OTG_FS_IRQHandler                        0x080001bb   Thumb Code     0  startup_stm32f407xx.o(.text)
    OTG_FS_WKUP_IRQHandler                   0x080001bb   Thumb Code     0  startup_stm32f407xx.o(.text)
    OTG_HS_EP1_IN_IRQHandler                 0x080001bb   Thumb Code     0  startup_stm32f407xx.o(.text)
    OTG_HS_EP1_OUT_IRQHandler                0x080001bb   Thumb Code     0  startup_stm32f407xx.o(.text)
    OTG_HS_IRQHandler                        0x080001bb   Thumb Code     0  startup_stm32f407xx.o(.text)
    OTG_HS_WKUP_IRQHandler                   0x080001bb   Thumb Code     0  startup_stm32f407xx.o(.text)
    PVD_IRQHandler                           0x080001bb   Thumb Code     0  startup_stm32f407xx.o(.text)
    RCC_IRQHandler                           0x080001bb   Thumb Code     0  startup_stm32f407xx.o(.text)
    RTC_Alarm_IRQHandler                     0x080001bb   Thumb Code     0  startup_stm32f407xx.o(.text)
    RTC_WKUP_IRQHandler                      0x080001bb   Thumb Code     0  startup_stm32f407xx.o(.text)
    SDIO_IRQHandler                          0x080001bb   Thumb Code     0  startup_stm32f407xx.o(.text)
    SPI1_IRQHandler                          0x080001bb   Thumb Code     0  startup_stm32f407xx.o(.text)
    SPI2_IRQHandler                          0x080001bb   Thumb Code     0  startup_stm32f407xx.o(.text)
    SPI3_IRQHandler                          0x080001bb   Thumb Code     0  startup_stm32f407xx.o(.text)
    TAMP_STAMP_IRQHandler                    0x080001bb   Thumb Code     0  startup_stm32f407xx.o(.text)
    TIM1_BRK_TIM9_IRQHandler                 0x080001bb   Thumb Code     0  startup_stm32f407xx.o(.text)
    TIM1_CC_IRQHandler                       0x080001bb   Thumb Code     0  startup_stm32f407xx.o(.text)
    TIM1_TRG_COM_TIM11_IRQHandler            0x080001bb   Thumb Code     0  startup_stm32f407xx.o(.text)
    TIM1_UP_TIM10_IRQHandler                 0x080001bb   Thumb Code     0  startup_stm32f407xx.o(.text)
    TIM2_IRQHandler                          0x080001bb   Thumb Code     0  startup_stm32f407xx.o(.text)
    TIM5_IRQHandler                          0x080001bb   Thumb Code     0  startup_stm32f407xx.o(.text)
    TIM6_DAC_IRQHandler                      0x080001bb   Thumb Code     0  startup_stm32f407xx.o(.text)
    TIM7_IRQHandler                          0x080001bb   Thumb Code     0  startup_stm32f407xx.o(.text)
    TIM8_BRK_TIM12_IRQHandler                0x080001bb   Thumb Code     0  startup_stm32f407xx.o(.text)
    TIM8_CC_IRQHandler                       0x080001bb   Thumb Code     0  startup_stm32f407xx.o(.text)
    TIM8_TRG_COM_TIM14_IRQHandler            0x080001bb   Thumb Code     0  startup_stm32f407xx.o(.text)
    TIM8_UP_TIM13_IRQHandler                 0x080001bb   Thumb Code     0  startup_stm32f407xx.o(.text)
    UART4_IRQHandler                         0x080001bb   Thumb Code     0  startup_stm32f407xx.o(.text)
    UART5_IRQHandler                         0x080001bb   Thumb Code     0  startup_stm32f407xx.o(.text)
    USART1_IRQHandler                        0x080001bb   Thumb Code     0  startup_stm32f407xx.o(.text)
    USART2_IRQHandler                        0x080001bb   Thumb Code     0  startup_stm32f407xx.o(.text)
    USART3_IRQHandler                        0x080001bb   Thumb Code     0  startup_stm32f407xx.o(.text)
    USART6_IRQHandler                        0x080001bb   Thumb Code     0  startup_stm32f407xx.o(.text)
    WWDG_IRQHandler                          0x080001bb   Thumb Code     0  startup_stm32f407xx.o(.text)
    __aeabi_uldivmod                         0x080001c5   Thumb Code    98  uldiv.o(.text)
    __aeabi_memset                           0x08000227   Thumb Code    14  memseta.o(.text)
    __aeabi_memset4                          0x08000227   Thumb Code     0  memseta.o(.text)
    __aeabi_memset8                          0x08000227   Thumb Code     0  memseta.o(.text)
    __aeabi_memclr                           0x08000235   Thumb Code     4  memseta.o(.text)
    __aeabi_memclr4                          0x08000235   Thumb Code     0  memseta.o(.text)
    __aeabi_memclr8                          0x08000235   Thumb Code     0  memseta.o(.text)
    _memset$wrapper                          0x08000239   Thumb Code    18  memseta.o(.text)
    __aeabi_dadd                             0x0800024b   Thumb Code   322  dadd.o(.text)
    __aeabi_dsub                             0x0800038d   Thumb Code     6  dadd.o(.text)
    __aeabi_drsub                            0x08000393   Thumb Code     6  dadd.o(.text)
    __aeabi_dmul                             0x08000399   Thumb Code   228  dmul.o(.text)
    __aeabi_ddiv                             0x0800047d   Thumb Code   222  ddiv.o(.text)
    __aeabi_ui2d                             0x0800055b   Thumb Code    26  dfltui.o(.text)
    __aeabi_d2uiz                            0x08000575   Thumb Code    50  dfixui.o(.text)
    __aeabi_f2d                              0x080005a7   Thumb Code    38  f2d.o(.text)
    __aeabi_d2f                              0x080005cd   Thumb Code    56  d2f.o(.text)
    __aeabi_uidiv                            0x08000605   Thumb Code     0  uidiv.o(.text)
    __aeabi_uidivmod                         0x08000605   Thumb Code    44  uidiv.o(.text)
    __aeabi_llsl                             0x08000631   Thumb Code    30  llshl.o(.text)
    _ll_shift_l                              0x08000631   Thumb Code     0  llshl.o(.text)
    __aeabi_llsr                             0x0800064f   Thumb Code    32  llushr.o(.text)
    _ll_ushift_r                             0x0800064f   Thumb Code     0  llushr.o(.text)
    __aeabi_lasr                             0x0800066f   Thumb Code    36  llsshr.o(.text)
    _ll_sshift_r                             0x0800066f   Thumb Code     0  llsshr.o(.text)
    __I$use$fp                               0x08000693   Thumb Code     0  iusefp.o(.text)
    _float_round                             0x08000693   Thumb Code    18  fepilogue.o(.text)
    _float_epilogue                          0x080006a5   Thumb Code    92  fepilogue.o(.text)
    _double_round                            0x08000701   Thumb Code    30  depilogue.o(.text)
    _double_epilogue                         0x0800071f   Thumb Code   156  depilogue.o(.text)
    __aeabi_d2ulz                            0x080007bb   Thumb Code    48  dfixul.o(.text)
    __aeabi_cdrcmple                         0x080007ed   Thumb Code    48  cdrcmple.o(.text)
    __scatterload                            0x0800081d   Thumb Code    28  init.o(.text)
    __scatterload_rt2                        0x0800081d   Thumb Code     0  init.o(.text)
    __decompress                             0x08000841   Thumb Code     0  __dclz77c.o(.text)
    __decompress2                            0x08000841   Thumb Code    94  __dclz77c.o(.text)
    AD9910_Init                              0x080008a1   Thumb Code   172  ad9910.o(i.AD9910_Init)
    AD9910_Singal_Profile_Init               0x08000959   Thumb Code   156  ad9910.o(i.AD9910_Singal_Profile_Init)
    AD9910_Singal_Profile_Set                0x08000a01   Thumb Code   208  ad9910.o(i.AD9910_Singal_Profile_Set)
    ADC_IRQHandler                           0x08000b79   Thumb Code     6  stm32f4xx_it.o(i.ADC_IRQHandler)
    ADCvolt_ANA                              0x08000cad   Thumb Code   586  lcd_show.o(i.ADCvolt_ANA)
    BusFault_Handler                         0x08000f59   Thumb Code     2  stm32f4xx_it.o(i.BusFault_Handler)
    DMA1_Stream4_IRQHandler                  0x08000f5d   Thumb Code     6  stm32f4xx_it.o(i.DMA1_Stream4_IRQHandler)
    DMA1_Stream5_IRQHandler                  0x08000f69   Thumb Code     6  stm32f4xx_it.o(i.DMA1_Stream5_IRQHandler)
    DMA2_Stream0_IRQHandler                  0x08000f75   Thumb Code    16  stm32f4xx_it.o(i.DMA2_Stream0_IRQHandler)
    DMA2_Stream3_IRQHandler                  0x08000f8d   Thumb Code     6  stm32f4xx_it.o(i.DMA2_Stream3_IRQHandler)
    DebugMon_Handler                         0x0800103d   Thumb Code     2  stm32f4xx_it.o(i.DebugMon_Handler)
    Draw_Prompt                              0x08001041   Thumb Code    18  lcd_show.o(i.Draw_Prompt)
    Error_Handler                            0x0800105d   Thumb Code     4  main.o(i.Error_Handler)
    FSMC_NORSRAM_Extended_Timing_Init        0x08001061   Thumb Code    56  stm32f4xx_ll_fsmc.o(i.FSMC_NORSRAM_Extended_Timing_Init)
    FSMC_NORSRAM_Init                        0x0800109d   Thumb Code    98  stm32f4xx_ll_fsmc.o(i.FSMC_NORSRAM_Init)
    FSMC_NORSRAM_Timing_Init                 0x08001105   Thumb Code    64  stm32f4xx_ll_fsmc.o(i.FSMC_NORSRAM_Timing_Init)
    Follow_PID                               0x08001149   Thumb Code    82  pid.o(i.Follow_PID)
    HAL_ADCEx_InjectedConvCpltCallback       0x0800119b   Thumb Code     2  stm32f4xx_hal_adc_ex.o(i.HAL_ADCEx_InjectedConvCpltCallback)
    HAL_ADC_ConfigChannel                    0x0800119d   Thumb Code   316  stm32f4xx_hal_adc.o(i.HAL_ADC_ConfigChannel)
    HAL_ADC_ConvCpltCallback                 0x080012e9   Thumb Code     2  stm32f4xx_hal_adc.o(i.HAL_ADC_ConvCpltCallback)
    HAL_ADC_ConvHalfCpltCallback             0x080012eb   Thumb Code     2  stm32f4xx_hal_adc.o(i.HAL_ADC_ConvHalfCpltCallback)
    HAL_ADC_ErrorCallback                    0x080012ed   Thumb Code     2  stm32f4xx_hal_adc.o(i.HAL_ADC_ErrorCallback)
    HAL_ADC_IRQHandler                       0x080012ef   Thumb Code   302  stm32f4xx_hal_adc.o(i.HAL_ADC_IRQHandler)
    HAL_ADC_Init                             0x0800141d   Thumb Code    84  stm32f4xx_hal_adc.o(i.HAL_ADC_Init)
    HAL_ADC_LevelOutOfWindowCallback         0x08001471   Thumb Code     2  stm32f4xx_hal_adc.o(i.HAL_ADC_LevelOutOfWindowCallback)
    HAL_ADC_MspInit                          0x08001475   Thumb Code   150  adc.o(i.HAL_ADC_MspInit)
    HAL_ADC_Start_DMA                        0x08001521   Thumb Code   304  stm32f4xx_hal_adc.o(i.HAL_ADC_Start_DMA)
    HAL_DAC_ConfigChannel                    0x08001675   Thumb Code    70  stm32f4xx_hal_dac.o(i.HAL_DAC_ConfigChannel)
    HAL_DAC_Init                             0x080016bb   Thumb Code    40  stm32f4xx_hal_dac.o(i.HAL_DAC_Init)
    HAL_DAC_MspInit                          0x080016e5   Thumb Code   136  dac.o(i.HAL_DAC_MspInit)
    HAL_DMA_IRQHandler                       0x08001781   Thumb Code   412  stm32f4xx_hal_dma.o(i.HAL_DMA_IRQHandler)
    HAL_DMA_Init                             0x08001921   Thumb Code   206  stm32f4xx_hal_dma.o(i.HAL_DMA_Init)
    HAL_DMA_Start_IT                         0x080019f5   Thumb Code   110  stm32f4xx_hal_dma.o(i.HAL_DMA_Start_IT)
    HAL_Delay                                0x08001a65   Thumb Code    32  stm32f4xx_hal.o(i.HAL_Delay)
    HAL_GPIO_Init                            0x08001b31   Thumb Code   418  stm32f4xx_hal_gpio.o(i.HAL_GPIO_Init)
    HAL_GPIO_WritePin                        0x08001d01   Thumb Code    10  stm32f4xx_hal_gpio.o(i.HAL_GPIO_WritePin)
    HAL_GetTick                              0x08001d0d   Thumb Code     6  stm32f4xx_hal.o(i.HAL_GetTick)
    HAL_I2C_Init                             0x08001d19   Thumb Code   376  stm32f4xx_hal_i2c.o(i.HAL_I2C_Init)
    HAL_I2C_MspInit                          0x08001ea1   Thumb Code    92  i2c.o(i.HAL_I2C_MspInit)
    HAL_IncTick                              0x08001f09   Thumb Code    12  stm32f4xx_hal.o(i.HAL_IncTick)
    HAL_Init                                 0x08001f19   Thumb Code    48  stm32f4xx_hal.o(i.HAL_Init)
    HAL_InitTick                             0x08001f4d   Thumb Code    54  stm32f4xx_hal.o(i.HAL_InitTick)
    HAL_MspInit                              0x08001f8d   Thumb Code    42  stm32f4xx_hal_msp.o(i.HAL_MspInit)
    HAL_NVIC_EnableIRQ                       0x08001fbd   Thumb Code    26  stm32f4xx_hal_cortex.o(i.HAL_NVIC_EnableIRQ)
    HAL_NVIC_SetPriority                     0x08001fd9   Thumb Code    60  stm32f4xx_hal_cortex.o(i.HAL_NVIC_SetPriority)
    HAL_NVIC_SetPriorityGrouping             0x08002019   Thumb Code    26  stm32f4xx_hal_cortex.o(i.HAL_NVIC_SetPriorityGrouping)
    HAL_RCC_ClockConfig                      0x0800203d   Thumb Code   288  stm32f4xx_hal_rcc.o(i.HAL_RCC_ClockConfig)
    HAL_RCC_GetPCLK1Freq                     0x08002171   Thumb Code    20  stm32f4xx_hal_rcc.o(i.HAL_RCC_GetPCLK1Freq)
    HAL_RCC_GetPCLK2Freq                     0x08002191   Thumb Code    20  stm32f4xx_hal_rcc.o(i.HAL_RCC_GetPCLK2Freq)
    HAL_RCC_GetSysClockFreq                  0x080021b1   Thumb Code    88  stm32f4xx_hal_rcc.o(i.HAL_RCC_GetSysClockFreq)
    HAL_RCC_OscConfig                        0x08002215   Thumb Code   836  stm32f4xx_hal_rcc.o(i.HAL_RCC_OscConfig)
    HAL_SPI_Init                             0x0800256d   Thumb Code   188  stm32f4xx_hal_spi.o(i.HAL_SPI_Init)
    HAL_SPI_MspInit                          0x08002629   Thumb Code   316  spi.o(i.HAL_SPI_MspInit)
    HAL_SRAM_Init                            0x08002789   Thumb Code    92  stm32f4xx_hal_sram.o(i.HAL_SRAM_Init)
    HAL_SRAM_MspInit                         0x080027e5   Thumb Code     4  fsmc.o(i.HAL_SRAM_MspInit)
    HAL_SYSTICK_Config                       0x080027e9   Thumb Code    40  stm32f4xx_hal_cortex.o(i.HAL_SYSTICK_Config)
    HAL_TIMEx_BreakCallback                  0x08002811   Thumb Code     2  stm32f4xx_hal_tim_ex.o(i.HAL_TIMEx_BreakCallback)
    HAL_TIMEx_CommutCallback                 0x08002813   Thumb Code     2  stm32f4xx_hal_tim_ex.o(i.HAL_TIMEx_CommutCallback)
    HAL_TIMEx_MasterConfigSynchronization    0x08002815   Thumb Code   116  stm32f4xx_hal_tim_ex.o(i.HAL_TIMEx_MasterConfigSynchronization)
    HAL_TIM_Base_Init                        0x080028a5   Thumb Code    90  stm32f4xx_hal_tim.o(i.HAL_TIM_Base_Init)
    HAL_TIM_Base_MspInit                     0x08002901   Thumb Code   222  tim.o(i.HAL_TIM_Base_MspInit)
    HAL_TIM_Base_Start                       0x080029f9   Thumb Code    90  stm32f4xx_hal_tim.o(i.HAL_TIM_Base_Start)
    HAL_TIM_ConfigClockSource                0x08002a71   Thumb Code   220  stm32f4xx_hal_tim.o(i.HAL_TIM_ConfigClockSource)
    HAL_TIM_IC_CaptureCallback               0x08002b4d   Thumb Code    78  main.o(i.HAL_TIM_IC_CaptureCallback)
    HAL_TIM_IC_ConfigChannel                 0x08002ba5   Thumb Code   288  stm32f4xx_hal_tim.o(i.HAL_TIM_IC_ConfigChannel)
    HAL_TIM_IC_Init                          0x08002cc5   Thumb Code    90  stm32f4xx_hal_tim.o(i.HAL_TIM_IC_Init)
    HAL_TIM_IC_MspInit                       0x08002d1f   Thumb Code     2  stm32f4xx_hal_tim.o(i.HAL_TIM_IC_MspInit)
    HAL_TIM_IC_Start_IT                      0x08002d21   Thumb Code   272  stm32f4xx_hal_tim.o(i.HAL_TIM_IC_Start_IT)
    HAL_TIM_IRQHandler                       0x08002e4d   Thumb Code   358  stm32f4xx_hal_tim.o(i.HAL_TIM_IRQHandler)
    HAL_TIM_OC_DelayElapsedCallback          0x08002fb3   Thumb Code     2  stm32f4xx_hal_tim.o(i.HAL_TIM_OC_DelayElapsedCallback)
    HAL_TIM_PWM_ConfigChannel                0x08002fb5   Thumb Code   204  stm32f4xx_hal_tim.o(i.HAL_TIM_PWM_ConfigChannel)
    HAL_TIM_PWM_Init                         0x08003081   Thumb Code    90  stm32f4xx_hal_tim.o(i.HAL_TIM_PWM_Init)
    HAL_TIM_PWM_MspInit                      0x080030db   Thumb Code     2  stm32f4xx_hal_tim.o(i.HAL_TIM_PWM_MspInit)
    HAL_TIM_PWM_PulseFinishedCallback        0x080030dd   Thumb Code     2  stm32f4xx_hal_tim.o(i.HAL_TIM_PWM_PulseFinishedCallback)
    HAL_TIM_PeriodElapsedCallback            0x080030df   Thumb Code     2  stm32f4xx_hal_tim.o(i.HAL_TIM_PeriodElapsedCallback)
    HAL_TIM_ReadCapturedValue                0x080030e1   Thumb Code    42  stm32f4xx_hal_tim.o(i.HAL_TIM_ReadCapturedValue)
    HAL_TIM_SlaveConfigSynchro               0x0800310b   Thumb Code    82  stm32f4xx_hal_tim.o(i.HAL_TIM_SlaveConfigSynchro)
    HAL_TIM_TriggerCallback                  0x0800315d   Thumb Code     2  stm32f4xx_hal_tim.o(i.HAL_TIM_TriggerCallback)
    HAL_UART_Init                            0x0800315f   Thumb Code    98  stm32f4xx_hal_uart.o(i.HAL_UART_Init)
    HAL_UART_MspInit                         0x080031c1   Thumb Code    94  usart.o(i.HAL_UART_MspInit)
    HAL_UART_Transmit                        0x0800322d   Thumb Code   176  stm32f4xx_hal_uart.o(i.HAL_UART_Transmit)
    HardFault_Handler                        0x080032dd   Thumb Code     2  stm32f4xx_it.o(i.HardFault_Handler)
    Lcd_DrawNetwork                          0x080032df   Thumb Code    82  lcd_show.o(i.Lcd_DrawNetwork)
    MX_ADC1_Init                             0x08003331   Thumb Code    92  adc.o(i.MX_ADC1_Init)
    MX_DAC_Init                              0x08003395   Thumb Code    74  dac.o(i.MX_DAC_Init)
    MX_DMA_Init                              0x080033e9   Thumb Code   104  dma.o(i.MX_DMA_Init)
    MX_FSMC_Init                             0x08003455   Thumb Code   128  fsmc.o(i.MX_FSMC_Init)
    MX_GPIO_Init                             0x080034dd   Thumb Code   288  gpio.o(i.MX_GPIO_Init)
    MX_I2C1_Init                             0x08003611   Thumb Code    50  i2c.o(i.MX_I2C1_Init)
    MX_SPI1_Init                             0x08003651   Thumb Code    60  spi.o(i.MX_SPI1_Init)
    MX_SPI2_Init                             0x08003695   Thumb Code    62  spi.o(i.MX_SPI2_Init)
    MX_TIM2_Init                             0x080036dd   Thumb Code   146  tim.o(i.MX_TIM2_Init)
    MX_TIM3_Init                             0x08003775   Thumb Code   196  tim.o(i.MX_TIM3_Init)
    MX_TIM4_Init                             0x08003841   Thumb Code    96  tim.o(i.MX_TIM4_Init)
    MX_TIM5_Init                             0x080038a9   Thumb Code    94  tim.o(i.MX_TIM5_Init)
    MX_USART1_UART_Init                      0x08003911   Thumb Code    48  usart.o(i.MX_USART1_UART_Init)
    MemManage_Handler                        0x08003949   Thumb Code     2  stm32f4xx_it.o(i.MemManage_Handler)
    NMI_Handler                              0x0800394b   Thumb Code     2  stm32f4xx_it.o(i.NMI_Handler)
    PWM_Input_Capture                        0x0800394d   Thumb Code   192  main.o(i.PWM_Input_Capture)
    PendSV_Handler                           0x08003a41   Thumb Code     2  stm32f4xx_it.o(i.PendSV_Handler)
    SVC_Handler                              0x08003a43   Thumb Code     2  stm32f4xx_it.o(i.SVC_Handler)
    Set_BackGround                           0x08003a45   Thumb Code    42  lcd_show.o(i.Set_BackGround)
    SysTick_Handler                          0x08003a75   Thumb Code     4  stm32f4xx_it.o(i.SysTick_Handler)
    SystemClock_Config                       0x08003a79   Thumb Code   140  main.o(i.SystemClock_Config)
    SystemInit                               0x08003b0d   Thumb Code    12  system_stm32f4xx.o(i.SystemInit)
    TIM3_IRQHandler                          0x08003b1d   Thumb Code     6  stm32f4xx_it.o(i.TIM3_IRQHandler)
    TIM4_IRQHandler                          0x08003b29   Thumb Code     6  stm32f4xx_it.o(i.TIM4_IRQHandler)
    TIM_Base_SetConfig                       0x08003b35   Thumb Code   156  stm32f4xx_hal_tim.o(i.TIM_Base_SetConfig)
    TIM_CCxChannelCmd                        0x08003bfd   Thumb Code    26  stm32f4xx_hal_tim.o(i.TIM_CCxChannelCmd)
    TIM_ETR_SetConfig                        0x08003c17   Thumb Code    20  stm32f4xx_hal_tim.o(i.TIM_ETR_SetConfig)
    TIM_OC2_SetConfig                        0x08003c9d   Thumb Code    98  stm32f4xx_hal_tim.o(i.TIM_OC2_SetConfig)
    TIM_TI1_SetConfig                        0x08003e71   Thumb Code   100  stm32f4xx_hal_tim.o(i.TIM_TI1_SetConfig)
    UsageFault_Handler                       0x080040cf   Thumb Code     2  stm32f4xx_it.o(i.UsageFault_Handler)
    Write_8bit                               0x080040d1   Thumb Code    82  ad9910.o(i.Write_8bit)
    __0printf                                0x0800412d   Thumb Code    22  printfa.o(i.__0printf)
    __1printf                                0x0800412d   Thumb Code     0  printfa.o(i.__0printf)
    __2printf                                0x0800412d   Thumb Code     0  printfa.o(i.__0printf)
    __c89printf                              0x0800412d   Thumb Code     0  printfa.o(i.__0printf)
    printf                                   0x0800412d   Thumb Code     0  printfa.o(i.__0printf)
    __0sprintf                               0x0800414d   Thumb Code    34  printfa.o(i.__0sprintf)
    __1sprintf                               0x0800414d   Thumb Code     0  printfa.o(i.__0sprintf)
    __2sprintf                               0x0800414d   Thumb Code     0  printfa.o(i.__0sprintf)
    __c89sprintf                             0x0800414d   Thumb Code     0  printfa.o(i.__0sprintf)
    sprintf                                  0x0800414d   Thumb Code     0  printfa.o(i.__0sprintf)
    __scatterload_copy                       0x08004195   Thumb Code    14  handlers.o(i.__scatterload_copy)
    __scatterload_null                       0x080041a3   Thumb Code     2  handlers.o(i.__scatterload_null)
    __scatterload_zeroinit                   0x080041a5   Thumb Code    14  handlers.o(i.__scatterload_zeroinit)
    fputc                                    0x08004a49   Thumb Code    20  usart.o(i.fputc)
    lcd_clear                                0x08004a61   Thumb Code    44  lcd.o(i.lcd_clear)
    lcd_display_dir                          0x08004a91   Thumb Code   226  lcd.o(i.lcd_display_dir)
    lcd_draw_line                            0x08004b79   Thumb Code   152  lcd.o(i.lcd_draw_line)
    lcd_draw_point                           0x08004c11   Thumb Code    22  lcd.o(i.lcd_draw_point)
    lcd_draw_rectangle                       0x08004c27   Thumb Code    68  lcd.o(i.lcd_draw_rectangle)
    lcd_ex_ili9341_reginit                   0x08004c6b   Thumb Code   558  lcd.o(i.lcd_ex_ili9341_reginit)
    lcd_ex_ili9806_reginit                   0x08004e99   Thumb Code   834  lcd.o(i.lcd_ex_ili9806_reginit)
    lcd_ex_nt35310_reginit                   0x080051db   Thumb Code  3828  lcd.o(i.lcd_ex_nt35310_reginit)
    lcd_ex_nt35510_reginit                   0x080060cf   Thumb Code  3834  lcd.o(i.lcd_ex_nt35510_reginit)
    lcd_ex_ssd1963_reginit                   0x08006fc9   Thumb Code   368  lcd.o(i.lcd_ex_ssd1963_reginit)
    lcd_ex_st7789_reginit                    0x08007139   Thumb Code   426  lcd.o(i.lcd_ex_st7789_reginit)
    lcd_ex_st7796_reginit                    0x080072e3   Thumb Code   456  lcd.o(i.lcd_ex_st7796_reginit)
    lcd_init                                 0x080074ad   Thumb Code   616  lcd.o(i.lcd_init)
    lcd_scan_dir                             0x08007745   Thumb Code   414  lcd.o(i.lcd_scan_dir)
    lcd_set_cursor                           0x080078e9   Thumb Code   236  lcd.o(i.lcd_set_cursor)
    lcd_show_char                            0x080079d9   Thumb Code   196  lcd.o(i.lcd_show_char)
    lcd_show_string                          0x08007ab5   Thumb Code    86  lcd.o(i.lcd_show_string)
    lcd_ssd_backlight_set                    0x08007b0d   Thumb Code    72  lcd.o(i.lcd_ssd_backlight_set)
    lcd_wr_data                              0x08007b5d   Thumb Code    24  lcd.o(i.lcd_wr_data)
    lcd_wr_regno                             0x08007b75   Thumb Code    24  lcd.o(i.lcd_wr_regno)
    lcd_write_ram_prepare                    0x08007b8d   Thumb Code    14  lcd.o(i.lcd_write_ram_prepare)
    lcd_write_reg                            0x08007ba1   Thumb Code    12  lcd.o(i.lcd_write_reg)
    main                                     0x08007bad   Thumb Code   238  main.o(i.main)
    asc2_1206                                0x08007cc0   Data        1140  lcd.o(.constdata)
    asc2_1608                                0x08008134   Data        1520  lcd.o(.constdata)
    asc2_2412                                0x08008724   Data        3420  lcd.o(.constdata)
    asc2_3216                                0x08009480   Data        6080  lcd.o(.constdata)
    AHBPrescTable                            0x0800ac48   Data          16  system_stm32f4xx.o(.constdata)
    APBPrescTable                            0x0800ac58   Data           8  system_stm32f4xx.o(.constdata)
    Region$$Table$$Base                      0x0800ac60   Number         0  anon$$obj.o(Region$$Table)
    Region$$Table$$Limit                     0x0800ac80   Number         0  anon$$obj.o(Region$$Table)
    g_point_color                            0x20000000   Data           4  lcd.o(.data)
    g_back_color                             0x20000004   Data           4  lcd.o(.data)
    Vmin                                     0x2000000c   Data           4  lcd_show.o(.data)
    Vmax                                     0x20000010   Data           4  lcd_show.o(.data)
    Vpp                                      0x20000014   Data           4  lcd_show.o(.data)
    lenwave                                  0x20000018   Data           4  lcd_show.o(.data)
    Vpp_max                                  0x2000001c   Data           4  lcd_show.o(.data)
    phase                                    0x20000020   Data           4  lcd_show.o(.data)
    set_peak                                 0x20000024   Data           4  lcd_show.o(.data)
    phase_pid1                               0x20000028   Data          20  lcd_show.o(.data)
    AdcConvEnd                               0x2000003c   Data           1  main.o(.data)
    j                                        0x2000003e   Data           2  main.o(.data)
    PWMCheck_cnt                             0x20000040   Data           2  main.o(.data)
    PWM_RisingCount                          0x20000044   Data           4  main.o(.data)
    PWM_FallingCount                         0x20000048   Data           4  main.o(.data)
    duty                                     0x2000004c   Data           4  main.o(.data)
    uwTickFreq                               0x20000058   Data           1  stm32f4xx_hal.o(.data)
    uwTickPrio                               0x2000005c   Data           4  stm32f4xx_hal.o(.data)
    uwTick                                   0x20000060   Data           4  stm32f4xx_hal.o(.data)
    SystemCoreClock                          0x20000064   Data           4  system_stm32f4xx.o(.data)
    CFR3                                     0x20000068   Data           4  ad9910.o(.data)
    Assist_DAC                               0x2000006c   Data           4  ad9910.o(.data)
    DRR                                      0x20000070   Data           4  ad9910.o(.data)
    CFR1                                     0x20000074   Data           4  ad9910.o(.data)
    CFR2                                     0x20000078   Data           4  ad9910.o(.data)
    FTW                                      0x2000007c   Data           4  ad9910.o(.data)
    ASF                                      0x20000080   Data           4  ad9910.o(.data)
    DRL                                      0x20000084   Data           8  ad9910.o(.data)
    DRS                                      0x2000008c   Data           8  ad9910.o(.data)
    Profile_All                              0x20000094   Data           8  ad9910.o(.data)
    RAM_AMP                                  0x2000009c   Data        4096  ad9910.o(.data)
    RAM_AMP_TRIG_WAVE                        0x2000109c   Data        6140  ad9910.o(.data)
    RAM_AMP_SQUARE_WAVE                      0x20002898   Data        4096  ad9910.o(.data)
    RAM_Fre                                  0x20003898   Data        4096  ad9910.o(.data)
    RAM_PHA                                  0x20004898   Data        4096  ad9910.o(.data)
    __stdout                                 0x20005898   Data           4  stdout.o(.data)
    g_sram_handle                            0x2000589c   Data          80  lcd.o(.bss)
    lcddev                                   0x200058ec   Data          14  lcd.o(.bss)
    wave                                     0x200058fc   Data       16384  lcd_show.o(.bss)
    spr_str                                  0x200098fc   Data         100  lcd_show.o(.bss)
    adcBuff                                  0x20009960   Data        8192  main.o(.bss)
    adcVolt                                  0x2000b960   Data       16384  main.o(.bss)
    P_buff                                   0x2000f960   Data          30  main.o(.bss)
    hadc1                                    0x2000f980   Data          72  adc.o(.bss)
    hdma_adc1                                0x2000f9c8   Data          96  adc.o(.bss)
    hdac                                     0x2000fa28   Data          20  dac.o(.bss)
    hdma_dac1                                0x2000fa3c   Data          96  dac.o(.bss)
    hsram1                                   0x2000fa9c   Data          80  fsmc.o(.bss)
    hi2c1                                    0x2000faec   Data          84  i2c.o(.bss)
    hspi1                                    0x2000fb40   Data          88  spi.o(.bss)
    hspi2                                    0x2000fb98   Data          88  spi.o(.bss)
    hdma_spi1_tx                             0x2000fbf0   Data          96  spi.o(.bss)
    hdma_spi2_tx                             0x2000fc50   Data          96  spi.o(.bss)
    htim2                                    0x2000fcb0   Data          72  tim.o(.bss)
    htim3                                    0x2000fcf8   Data          72  tim.o(.bss)
    htim4                                    0x2000fd40   Data          72  tim.o(.bss)
    htim5                                    0x2000fd88   Data          72  tim.o(.bss)
    huart1                                   0x2000fdd0   Data          68  usart.o(.bss)
    __initial_sp                             0x20010218   Data           0  startup_stm32f407xx.o(STACK)



==============================================================================

Memory Map of the image

  Image Entry point : 0x08000189

  Load Region LR_IROM1 (Base: 0x08000000, Size: 0x0001051c, Max: 0x00100000, ABSOLUTE, COMPRESSED[0x0000b8bc])

    Execution Region ER_IROM1 (Exec base: 0x08000000, Load base: 0x08000000, Size: 0x0000ac80, Max: 0x00100000, ABSOLUTE)

    Exec Addr    Load Addr    Size         Type   Attr      Idx    E Section Name        Object

    0x08000000   0x08000000   0x00000188   Data   RO            3    RESET               startup_stm32f407xx.o
    0x08000188   0x08000188   0x00000000   Code   RO         5959  * .ARM.Collect$$$$00000000  mc_w.l(entry.o)
    0x08000188   0x08000188   0x00000004   Code   RO         6268    .ARM.Collect$$$$00000001  mc_w.l(entry2.o)
    0x0800018c   0x0800018c   0x00000004   Code   RO         6271    .ARM.Collect$$$$00000004  mc_w.l(entry5.o)
    0x08000190   0x08000190   0x00000000   Code   RO         6273    .ARM.Collect$$$$00000008  mc_w.l(entry7b.o)
    0x08000190   0x08000190   0x00000000   Code   RO         6275    .ARM.Collect$$$$0000000A  mc_w.l(entry8b.o)
    0x08000190   0x08000190   0x00000008   Code   RO         6276    .ARM.Collect$$$$0000000B  mc_w.l(entry9a.o)
    0x08000198   0x08000198   0x00000004   Code   RO         6283    .ARM.Collect$$$$0000000E  mc_w.l(entry12b.o)
    0x0800019c   0x0800019c   0x00000000   Code   RO         6278    .ARM.Collect$$$$0000000F  mc_w.l(entry10a.o)
    0x0800019c   0x0800019c   0x00000000   Code   RO         6280    .ARM.Collect$$$$00000011  mc_w.l(entry11a.o)
    0x0800019c   0x0800019c   0x00000004   Code   RO         6269    .ARM.Collect$$$$00002712  mc_w.l(entry2.o)
    0x080001a0   0x080001a0   0x00000024   Code   RO            4    .text               startup_stm32f407xx.o
    0x080001c4   0x080001c4   0x00000062   Code   RO         5962    .text               mc_w.l(uldiv.o)
    0x08000226   0x08000226   0x00000024   Code   RO         5964    .text               mc_w.l(memseta.o)
    0x0800024a   0x0800024a   0x0000014e   Code   RO         6227    .text               mf_w.l(dadd.o)
    0x08000398   0x08000398   0x000000e4   Code   RO         6229    .text               mf_w.l(dmul.o)
    0x0800047c   0x0800047c   0x000000de   Code   RO         6231    .text               mf_w.l(ddiv.o)
    0x0800055a   0x0800055a   0x0000001a   Code   RO         6233    .text               mf_w.l(dfltui.o)
    0x08000574   0x08000574   0x00000032   Code   RO         6237    .text               mf_w.l(dfixui.o)
    0x080005a6   0x080005a6   0x00000026   Code   RO         6239    .text               mf_w.l(f2d.o)
    0x080005cc   0x080005cc   0x00000038   Code   RO         6241    .text               mf_w.l(d2f.o)
    0x08000604   0x08000604   0x0000002c   Code   RO         6285    .text               mc_w.l(uidiv.o)
    0x08000630   0x08000630   0x0000001e   Code   RO         6287    .text               mc_w.l(llshl.o)
    0x0800064e   0x0800064e   0x00000020   Code   RO         6289    .text               mc_w.l(llushr.o)
    0x0800066e   0x0800066e   0x00000024   Code   RO         6291    .text               mc_w.l(llsshr.o)
    0x08000692   0x08000692   0x00000000   Code   RO         6300    .text               mc_w.l(iusefp.o)
    0x08000692   0x08000692   0x0000006e   Code   RO         6301    .text               mf_w.l(fepilogue.o)
    0x08000700   0x08000700   0x000000ba   Code   RO         6303    .text               mf_w.l(depilogue.o)
    0x080007ba   0x080007ba   0x00000030   Code   RO         6313    .text               mf_w.l(dfixul.o)
    0x080007ea   0x080007ea   0x00000002   PAD
    0x080007ec   0x080007ec   0x00000030   Code   RO         6317    .text               mf_w.l(cdrcmple.o)
    0x0800081c   0x0800081c   0x00000024   Code   RO         6319    .text               mc_w.l(init.o)
    0x08000840   0x08000840   0x0000005e   Code   RO         6329    .text               mc_w.l(__dclz77c.o)
    0x0800089e   0x0800089e   0x00000002   PAD
    0x080008a0   0x080008a0   0x000000b8   Code   RO         5291    i.AD9910_Init       ad9910.o
    0x08000958   0x08000958   0x000000a8   Code   RO         5322    i.AD9910_Singal_Profile_Init  ad9910.o
    0x08000a00   0x08000a00   0x000000e8   Code   RO         5323    i.AD9910_Singal_Profile_Set  ad9910.o
    0x08000ae8   0x08000ae8   0x0000006e   Code   RO         1190    i.ADC_DMAConvCplt   stm32f4xx_hal_adc.o
    0x08000b56   0x08000b56   0x00000016   Code   RO         1191    i.ADC_DMAError      stm32f4xx_hal_adc.o
    0x08000b6c   0x08000b6c   0x0000000a   Code   RO         1192    i.ADC_DMAHalfConvCplt  stm32f4xx_hal_adc.o
    0x08000b76   0x08000b76   0x00000002   PAD
    0x08000b78   0x08000b78   0x0000000c   Code   RO         1048    i.ADC_IRQHandler    stm32f4xx_it.o
    0x08000b84   0x08000b84   0x00000128   Code   RO         1193    i.ADC_Init          stm32f4xx_hal_adc.o
    0x08000cac   0x08000cac   0x000002ac   Code   RO          387    i.ADCvolt_ANA       lcd_show.o
    0x08000f58   0x08000f58   0x00000002   Code   RO         1049    i.BusFault_Handler  stm32f4xx_it.o
    0x08000f5a   0x08000f5a   0x00000002   PAD
    0x08000f5c   0x08000f5c   0x0000000c   Code   RO         1050    i.DMA1_Stream4_IRQHandler  stm32f4xx_it.o
    0x08000f68   0x08000f68   0x0000000c   Code   RO         1051    i.DMA1_Stream5_IRQHandler  stm32f4xx_it.o
    0x08000f74   0x08000f74   0x00000018   Code   RO         1052    i.DMA2_Stream0_IRQHandler  stm32f4xx_it.o
    0x08000f8c   0x08000f8c   0x0000000c   Code   RO         1053    i.DMA2_Stream3_IRQHandler  stm32f4xx_it.o
    0x08000f98   0x08000f98   0x00000028   Code   RO         1927    i.DMA_CalcBaseAndBitshift  stm32f4xx_hal_dma.o
    0x08000fc0   0x08000fc0   0x00000054   Code   RO         1928    i.DMA_CheckFifoParam  stm32f4xx_hal_dma.o
    0x08001014   0x08001014   0x00000028   Code   RO         1929    i.DMA_SetConfig     stm32f4xx_hal_dma.o
    0x0800103c   0x0800103c   0x00000002   Code   RO         1054    i.DebugMon_Handler  stm32f4xx_it.o
    0x0800103e   0x0800103e   0x00000002   PAD
    0x08001040   0x08001040   0x0000001c   Code   RO          389    i.Draw_Prompt       lcd_show.o
    0x0800105c   0x0800105c   0x00000004   Code   RO          597    i.Error_Handler     main.o
    0x08001060   0x08001060   0x0000003c   Code   RO         2848    i.FSMC_NORSRAM_Extended_Timing_Init  stm32f4xx_ll_fsmc.o
    0x0800109c   0x0800109c   0x00000068   Code   RO         2849    i.FSMC_NORSRAM_Init  stm32f4xx_ll_fsmc.o
    0x08001104   0x08001104   0x00000044   Code   RO         2850    i.FSMC_NORSRAM_Timing_Init  stm32f4xx_ll_fsmc.o
    0x08001148   0x08001148   0x00000052   Code   RO         5585    i.Follow_PID        pid.o
    0x0800119a   0x0800119a   0x00000002   Code   RO         1364    i.HAL_ADCEx_InjectedConvCpltCallback  stm32f4xx_hal_adc_ex.o
    0x0800119c   0x0800119c   0x0000014c   Code   RO         1195    i.HAL_ADC_ConfigChannel  stm32f4xx_hal_adc.o
    0x080012e8   0x080012e8   0x00000002   Code   RO         1196    i.HAL_ADC_ConvCpltCallback  stm32f4xx_hal_adc.o
    0x080012ea   0x080012ea   0x00000002   Code   RO         1197    i.HAL_ADC_ConvHalfCpltCallback  stm32f4xx_hal_adc.o
    0x080012ec   0x080012ec   0x00000002   Code   RO         1199    i.HAL_ADC_ErrorCallback  stm32f4xx_hal_adc.o
    0x080012ee   0x080012ee   0x0000012e   Code   RO         1203    i.HAL_ADC_IRQHandler  stm32f4xx_hal_adc.o
    0x0800141c   0x0800141c   0x00000054   Code   RO         1204    i.HAL_ADC_Init      stm32f4xx_hal_adc.o
    0x08001470   0x08001470   0x00000002   Code   RO         1205    i.HAL_ADC_LevelOutOfWindowCallback  stm32f4xx_hal_adc.o
    0x08001472   0x08001472   0x00000002   PAD
    0x08001474   0x08001474   0x000000ac   Code   RO          695    i.HAL_ADC_MspInit   adc.o
    0x08001520   0x08001520   0x00000154   Code   RO         1211    i.HAL_ADC_Start_DMA  stm32f4xx_hal_adc.o
    0x08001674   0x08001674   0x00000046   Code   RO         2603    i.HAL_DAC_ConfigChannel  stm32f4xx_hal_dac.o
    0x080016ba   0x080016ba   0x00000028   Code   RO         2613    i.HAL_DAC_Init      stm32f4xx_hal_dac.o
    0x080016e2   0x080016e2   0x00000002   PAD
    0x080016e4   0x080016e4   0x0000009c   Code   RO          737    i.HAL_DAC_MspInit   dac.o
    0x08001780   0x08001780   0x000001a0   Code   RO         1935    i.HAL_DMA_IRQHandler  stm32f4xx_hal_dma.o
    0x08001920   0x08001920   0x000000d4   Code   RO         1936    i.HAL_DMA_Init      stm32f4xx_hal_dma.o
    0x080019f4   0x080019f4   0x0000006e   Code   RO         1940    i.HAL_DMA_Start_IT  stm32f4xx_hal_dma.o
    0x08001a62   0x08001a62   0x00000002   PAD
    0x08001a64   0x08001a64   0x00000024   Code   RO         2349    i.HAL_Delay         stm32f4xx_hal.o
    0x08001a88   0x08001a88   0x000000a8   Code   RO          802    i.HAL_FSMC_MspInit  fsmc.o
    0x08001b30   0x08001b30   0x000001d0   Code   RO         1823    i.HAL_GPIO_Init     stm32f4xx_hal_gpio.o
    0x08001d00   0x08001d00   0x0000000a   Code   RO         1827    i.HAL_GPIO_WritePin  stm32f4xx_hal_gpio.o
    0x08001d0a   0x08001d0a   0x00000002   PAD
    0x08001d0c   0x08001d0c   0x0000000c   Code   RO         2355    i.HAL_GetTick       stm32f4xx_hal.o
    0x08001d18   0x08001d18   0x00000188   Code   RO         3112    i.HAL_I2C_Init      stm32f4xx_hal_i2c.o
    0x08001ea0   0x08001ea0   0x00000068   Code   RO          851    i.HAL_I2C_MspInit   i2c.o
    0x08001f08   0x08001f08   0x00000010   Code   RO         2361    i.HAL_IncTick       stm32f4xx_hal.o
    0x08001f18   0x08001f18   0x00000034   Code   RO         2362    i.HAL_Init          stm32f4xx_hal.o
    0x08001f4c   0x08001f4c   0x00000040   Code   RO         2363    i.HAL_InitTick      stm32f4xx_hal.o
    0x08001f8c   0x08001f8c   0x00000030   Code   RO         1166    i.HAL_MspInit       stm32f4xx_hal_msp.o
    0x08001fbc   0x08001fbc   0x0000001a   Code   RO         2212    i.HAL_NVIC_EnableIRQ  stm32f4xx_hal_cortex.o
    0x08001fd6   0x08001fd6   0x00000002   PAD
    0x08001fd8   0x08001fd8   0x00000040   Code   RO         2218    i.HAL_NVIC_SetPriority  stm32f4xx_hal_cortex.o
    0x08002018   0x08002018   0x00000024   Code   RO         2219    i.HAL_NVIC_SetPriorityGrouping  stm32f4xx_hal_cortex.o
    0x0800203c   0x0800203c   0x00000134   Code   RO         1469    i.HAL_RCC_ClockConfig  stm32f4xx_hal_rcc.o
    0x08002170   0x08002170   0x00000020   Code   RO         1476    i.HAL_RCC_GetPCLK1Freq  stm32f4xx_hal_rcc.o
    0x08002190   0x08002190   0x00000020   Code   RO         1477    i.HAL_RCC_GetPCLK2Freq  stm32f4xx_hal_rcc.o
    0x080021b0   0x080021b0   0x00000064   Code   RO         1478    i.HAL_RCC_GetSysClockFreq  stm32f4xx_hal_rcc.o
    0x08002214   0x08002214   0x00000358   Code   RO         1481    i.HAL_RCC_OscConfig  stm32f4xx_hal_rcc.o
    0x0800256c   0x0800256c   0x000000bc   Code   RO         3562    i.HAL_SPI_Init      stm32f4xx_hal_spi.o
    0x08002628   0x08002628   0x00000160   Code   RO          893    i.HAL_SPI_MspInit   spi.o
    0x08002788   0x08002788   0x0000005c   Code   RO         2970    i.HAL_SRAM_Init     stm32f4xx_hal_sram.o
    0x080027e4   0x080027e4   0x00000004   Code   RO          804    i.HAL_SRAM_MspInit  fsmc.o
    0x080027e8   0x080027e8   0x00000028   Code   RO         2223    i.HAL_SYSTICK_Config  stm32f4xx_hal_cortex.o
    0x08002810   0x08002810   0x00000002   Code   RO         4579    i.HAL_TIMEx_BreakCallback  stm32f4xx_hal_tim_ex.o
    0x08002812   0x08002812   0x00000002   Code   RO         4580    i.HAL_TIMEx_CommutCallback  stm32f4xx_hal_tim_ex.o
    0x08002814   0x08002814   0x00000090   Code   RO         4598    i.HAL_TIMEx_MasterConfigSynchronization  stm32f4xx_hal_tim_ex.o
    0x080028a4   0x080028a4   0x0000005a   Code   RO         3875    i.HAL_TIM_Base_Init  stm32f4xx_hal_tim.o
    0x080028fe   0x080028fe   0x00000002   PAD
    0x08002900   0x08002900   0x000000f8   Code   RO          941    i.HAL_TIM_Base_MspInit  tim.o
    0x080029f8   0x080029f8   0x00000078   Code   RO         3878    i.HAL_TIM_Base_Start  stm32f4xx_hal_tim.o
    0x08002a70   0x08002a70   0x000000dc   Code   RO         3884    i.HAL_TIM_ConfigClockSource  stm32f4xx_hal_tim.o
    0x08002b4c   0x08002b4c   0x00000058   Code   RO          598    i.HAL_TIM_IC_CaptureCallback  main.o
    0x08002ba4   0x08002ba4   0x00000120   Code   RO         3911    i.HAL_TIM_IC_ConfigChannel  stm32f4xx_hal_tim.o
    0x08002cc4   0x08002cc4   0x0000005a   Code   RO         3914    i.HAL_TIM_IC_Init   stm32f4xx_hal_tim.o
    0x08002d1e   0x08002d1e   0x00000002   Code   RO         3916    i.HAL_TIM_IC_MspInit  stm32f4xx_hal_tim.o
    0x08002d20   0x08002d20   0x0000012c   Code   RO         3919    i.HAL_TIM_IC_Start_IT  stm32f4xx_hal_tim.o
    0x08002e4c   0x08002e4c   0x00000166   Code   RO         3923    i.HAL_TIM_IRQHandler  stm32f4xx_hal_tim.o
    0x08002fb2   0x08002fb2   0x00000002   Code   RO         3926    i.HAL_TIM_OC_DelayElapsedCallback  stm32f4xx_hal_tim.o
    0x08002fb4   0x08002fb4   0x000000cc   Code   RO         3947    i.HAL_TIM_PWM_ConfigChannel  stm32f4xx_hal_tim.o
    0x08003080   0x08003080   0x0000005a   Code   RO         3950    i.HAL_TIM_PWM_Init  stm32f4xx_hal_tim.o
    0x080030da   0x080030da   0x00000002   Code   RO         3952    i.HAL_TIM_PWM_MspInit  stm32f4xx_hal_tim.o
    0x080030dc   0x080030dc   0x00000002   Code   RO         3953    i.HAL_TIM_PWM_PulseFinishedCallback  stm32f4xx_hal_tim.o
    0x080030de   0x080030de   0x00000002   Code   RO         3961    i.HAL_TIM_PeriodElapsedCallback  stm32f4xx_hal_tim.o
    0x080030e0   0x080030e0   0x0000002a   Code   RO         3963    i.HAL_TIM_ReadCapturedValue  stm32f4xx_hal_tim.o
    0x0800310a   0x0800310a   0x00000052   Code   RO         3964    i.HAL_TIM_SlaveConfigSynchro  stm32f4xx_hal_tim.o
    0x0800315c   0x0800315c   0x00000002   Code   RO         3966    i.HAL_TIM_TriggerCallback  stm32f4xx_hal_tim.o
    0x0800315e   0x0800315e   0x00000062   Code   RO         4875    i.HAL_UART_Init     stm32f4xx_hal_uart.o
    0x080031c0   0x080031c0   0x0000006c   Code   RO         1001    i.HAL_UART_MspInit  usart.o
    0x0800322c   0x0800322c   0x000000b0   Code   RO         4883    i.HAL_UART_Transmit  stm32f4xx_hal_uart.o
    0x080032dc   0x080032dc   0x00000002   Code   RO         1055    i.HardFault_Handler  stm32f4xx_it.o
    0x080032de   0x080032de   0x00000052   Code   RO          390    i.Lcd_DrawNetwork   lcd_show.o
    0x08003330   0x08003330   0x00000064   Code   RO          696    i.MX_ADC1_Init      adc.o
    0x08003394   0x08003394   0x00000054   Code   RO          738    i.MX_DAC_Init       dac.o
    0x080033e8   0x080033e8   0x0000006c   Code   RO          778    i.MX_DMA_Init       dma.o
    0x08003454   0x08003454   0x00000088   Code   RO          805    i.MX_FSMC_Init      fsmc.o
    0x080034dc   0x080034dc   0x00000134   Code   RO          670    i.MX_GPIO_Init      gpio.o
    0x08003610   0x08003610   0x00000040   Code   RO          852    i.MX_I2C1_Init      i2c.o
    0x08003650   0x08003650   0x00000044   Code   RO          894    i.MX_SPI1_Init      spi.o
    0x08003694   0x08003694   0x00000048   Code   RO          895    i.MX_SPI2_Init      spi.o
    0x080036dc   0x080036dc   0x00000098   Code   RO          942    i.MX_TIM2_Init      tim.o
    0x08003774   0x08003774   0x000000cc   Code   RO          943    i.MX_TIM3_Init      tim.o
    0x08003840   0x08003840   0x00000068   Code   RO          944    i.MX_TIM4_Init      tim.o
    0x080038a8   0x080038a8   0x00000068   Code   RO          945    i.MX_TIM5_Init      tim.o
    0x08003910   0x08003910   0x00000038   Code   RO         1002    i.MX_USART1_UART_Init  usart.o
    0x08003948   0x08003948   0x00000002   Code   RO         1056    i.MemManage_Handler  stm32f4xx_it.o
    0x0800394a   0x0800394a   0x00000002   Code   RO         1057    i.NMI_Handler       stm32f4xx_it.o
    0x0800394c   0x0800394c   0x000000f4   Code   RO          599    i.PWM_Input_Capture  main.o
    0x08003a40   0x08003a40   0x00000002   Code   RO         1058    i.PendSV_Handler    stm32f4xx_it.o
    0x08003a42   0x08003a42   0x00000002   Code   RO         1059    i.SVC_Handler       stm32f4xx_it.o
    0x08003a44   0x08003a44   0x00000030   Code   RO          391    i.Set_BackGround    lcd_show.o
    0x08003a74   0x08003a74   0x00000004   Code   RO         1060    i.SysTick_Handler   stm32f4xx_it.o
    0x08003a78   0x08003a78   0x00000094   Code   RO          600    i.SystemClock_Config  main.o
    0x08003b0c   0x08003b0c   0x00000010   Code   RO         5204    i.SystemInit        system_stm32f4xx.o
    0x08003b1c   0x08003b1c   0x0000000c   Code   RO         1061    i.TIM3_IRQHandler   stm32f4xx_it.o
    0x08003b28   0x08003b28   0x0000000c   Code   RO         1062    i.TIM4_IRQHandler   stm32f4xx_it.o
    0x08003b34   0x08003b34   0x000000c8   Code   RO         3968    i.TIM_Base_SetConfig  stm32f4xx_hal_tim.o
    0x08003bfc   0x08003bfc   0x0000001a   Code   RO         3969    i.TIM_CCxChannelCmd  stm32f4xx_hal_tim.o
    0x08003c16   0x08003c16   0x00000014   Code   RO         3979    i.TIM_ETR_SetConfig  stm32f4xx_hal_tim.o
    0x08003c2a   0x08003c2a   0x00000010   Code   RO         3980    i.TIM_ITRx_SetConfig  stm32f4xx_hal_tim.o
    0x08003c3a   0x08003c3a   0x00000002   PAD
    0x08003c3c   0x08003c3c   0x00000060   Code   RO         3981    i.TIM_OC1_SetConfig  stm32f4xx_hal_tim.o
    0x08003c9c   0x08003c9c   0x0000006c   Code   RO         3982    i.TIM_OC2_SetConfig  stm32f4xx_hal_tim.o
    0x08003d08   0x08003d08   0x00000068   Code   RO         3983    i.TIM_OC3_SetConfig  stm32f4xx_hal_tim.o
    0x08003d70   0x08003d70   0x00000050   Code   RO         3984    i.TIM_OC4_SetConfig  stm32f4xx_hal_tim.o
    0x08003dc0   0x08003dc0   0x0000008c   Code   RO         3985    i.TIM_SlaveTimer_SetConfig  stm32f4xx_hal_tim.o
    0x08003e4c   0x08003e4c   0x00000022   Code   RO         3986    i.TIM_TI1_ConfigInputStage  stm32f4xx_hal_tim.o
    0x08003e6e   0x08003e6e   0x00000002   PAD
    0x08003e70   0x08003e70   0x00000080   Code   RO         3987    i.TIM_TI1_SetConfig  stm32f4xx_hal_tim.o
    0x08003ef0   0x08003ef0   0x00000024   Code   RO         3988    i.TIM_TI2_ConfigInputStage  stm32f4xx_hal_tim.o
    0x08003f14   0x08003f14   0x00000036   Code   RO         3989    i.TIM_TI2_SetConfig  stm32f4xx_hal_tim.o
    0x08003f4a   0x08003f4a   0x00000002   PAD
    0x08003f4c   0x08003f4c   0x0000010c   Code   RO         4901    i.UART_SetConfig    stm32f4xx_hal_uart.o
    0x08004058   0x08004058   0x00000076   Code   RO         4904    i.UART_WaitOnFlagUntilTimeout  stm32f4xx_hal_uart.o
    0x080040ce   0x080040ce   0x00000002   Code   RO         1063    i.UsageFault_Handler  stm32f4xx_it.o
    0x080040d0   0x080040d0   0x0000005c   Code   RO         5330    i.Write_8bit        ad9910.o
    0x0800412c   0x0800412c   0x00000020   Code   RO         6199    i.__0printf         mc_w.l(printfa.o)
    0x0800414c   0x0800414c   0x00000028   Code   RO         6201    i.__0sprintf        mc_w.l(printfa.o)
    0x08004174   0x08004174   0x00000020   Code   RO         2225    i.__NVIC_SetPriority  stm32f4xx_hal_cortex.o
    0x08004194   0x08004194   0x0000000e   Code   RO         6323    i.__scatterload_copy  mc_w.l(handlers.o)
    0x080041a2   0x080041a2   0x00000002   Code   RO         6324    i.__scatterload_null  mc_w.l(handlers.o)
    0x080041a4   0x080041a4   0x0000000e   Code   RO         6325    i.__scatterload_zeroinit  mc_w.l(handlers.o)
    0x080041b2   0x080041b2   0x00000002   PAD
    0x080041b4   0x080041b4   0x00000184   Code   RO         6206    i._fp_digits        mc_w.l(printfa.o)
    0x08004338   0x08004338   0x000006b4   Code   RO         6207    i._printf_core      mc_w.l(printfa.o)
    0x080049ec   0x080049ec   0x00000024   Code   RO         6208    i._printf_post_padding  mc_w.l(printfa.o)
    0x08004a10   0x08004a10   0x0000002e   Code   RO         6209    i._printf_pre_padding  mc_w.l(printfa.o)
    0x08004a3e   0x08004a3e   0x0000000a   Code   RO         6211    i._sputc            mc_w.l(printfa.o)
    0x08004a48   0x08004a48   0x00000018   Code   RO         1003    i.fputc             usart.o
    0x08004a60   0x08004a60   0x00000030   Code   RO           13    i.lcd_clear         lcd.o
    0x08004a90   0x08004a90   0x000000e8   Code   RO           15    i.lcd_display_dir   lcd.o
    0x08004b78   0x08004b78   0x00000098   Code   RO           20    i.lcd_draw_line     lcd.o
    0x08004c10   0x08004c10   0x00000016   Code   RO           21    i.lcd_draw_point    lcd.o
    0x08004c26   0x08004c26   0x00000044   Code   RO           22    i.lcd_draw_rectangle  lcd.o
    0x08004c6a   0x08004c6a   0x0000022e   Code   RO           23    i.lcd_ex_ili9341_reginit  lcd.o
    0x08004e98   0x08004e98   0x00000342   Code   RO           24    i.lcd_ex_ili9806_reginit  lcd.o
    0x080051da   0x080051da   0x00000ef4   Code   RO           25    i.lcd_ex_nt35310_reginit  lcd.o
    0x080060ce   0x080060ce   0x00000efa   Code   RO           26    i.lcd_ex_nt35510_reginit  lcd.o
    0x08006fc8   0x08006fc8   0x00000170   Code   RO           27    i.lcd_ex_ssd1963_reginit  lcd.o
    0x08007138   0x08007138   0x000001aa   Code   RO           28    i.lcd_ex_st7789_reginit  lcd.o
    0x080072e2   0x080072e2   0x000001c8   Code   RO           29    i.lcd_ex_st7796_reginit  lcd.o
    0x080074aa   0x080074aa   0x00000002   PAD
    0x080074ac   0x080074ac   0x0000027c   Code   RO           32    i.lcd_init          lcd.o
    0x08007728   0x08007728   0x0000001a   Code   RO           34    i.lcd_rd_data       lcd.o
    0x08007742   0x08007742   0x00000002   PAD
    0x08007744   0x08007744   0x000001a4   Code   RO           36    i.lcd_scan_dir      lcd.o
    0x080078e8   0x080078e8   0x000000f0   Code   RO           37    i.lcd_set_cursor    lcd.o
    0x080079d8   0x080079d8   0x000000dc   Code   RO           39    i.lcd_show_char     lcd.o
    0x08007ab4   0x08007ab4   0x00000056   Code   RO           41    i.lcd_show_string   lcd.o
    0x08007b0a   0x08007b0a   0x00000002   PAD
    0x08007b0c   0x08007b0c   0x00000050   Code   RO           43    i.lcd_ssd_backlight_set  lcd.o
    0x08007b5c   0x08007b5c   0x00000018   Code   RO           44    i.lcd_wr_data       lcd.o
    0x08007b74   0x08007b74   0x00000018   Code   RO           45    i.lcd_wr_regno      lcd.o
    0x08007b8c   0x08007b8c   0x00000014   Code   RO           46    i.lcd_write_ram_prepare  lcd.o
    0x08007ba0   0x08007ba0   0x0000000c   Code   RO           47    i.lcd_write_reg     lcd.o
    0x08007bac   0x08007bac   0x00000114   Code   RO          601    i.main              main.o
    0x08007cc0   0x08007cc0   0x00002f80   Data   RO           49    .constdata          lcd.o
    0x0800ac40   0x0800ac40   0x00000008   Data   RO         1942    .constdata          stm32f4xx_hal_dma.o
    0x0800ac48   0x0800ac48   0x00000010   Data   RO         5205    .constdata          system_stm32f4xx.o
    0x0800ac58   0x0800ac58   0x00000008   Data   RO         5206    .constdata          system_stm32f4xx.o
    0x0800ac60   0x0800ac60   0x00000020   Data   RO         6321    Region$$Table       anon$$obj.o


    Execution Region RW_IRAM1 (Exec base: 0x20000000, Load base: 0x0800ac80, Size: 0x00010218, Max: 0x0001c000, ABSOLUTE, COMPRESSED[0x00000c3c])

    Exec Addr    Load Addr    Size         Type   Attr      Idx    E Section Name        Object

    0x20000000   COMPRESSED   0x00000004   Data   RW           50    .data               lcd.o
    0x20000004   COMPRESSED   0x00000004   Data   RW           51    .data               lcd.o
    0x20000008   COMPRESSED   0x00000034   Data   RW          395    .data               lcd_show.o
    0x2000003c   COMPRESSED   0x00000014   Data   RW          604    .data               main.o
    0x20000050   COMPRESSED   0x00000008   Data   RW          807    .data               fsmc.o
    0x20000058   COMPRESSED   0x0000000c   Data   RW         2369    .data               stm32f4xx_hal.o
    0x20000064   COMPRESSED   0x00000004   Data   RW         5207    .data               system_stm32f4xx.o
    0x20000068   COMPRESSED   0x00005830   Data   RW         5331    .data               ad9910.o
    0x20005898   COMPRESSED   0x00000004   Data   RW         6284    .data               mc_w.l(stdout.o)
    0x2000589c        -       0x0000005e   Zero   RW           48    .bss                lcd.o
    0x200058fa   COMPRESSED   0x00000002   PAD
    0x200058fc        -       0x00004064   Zero   RW          393    .bss                lcd_show.o
    0x20009960        -       0x0000601e   Zero   RW          602    .bss                main.o
    0x2000f97e   COMPRESSED   0x00000002   PAD
    0x2000f980        -       0x000000a8   Zero   RW          697    .bss                adc.o
    0x2000fa28        -       0x00000074   Zero   RW          739    .bss                dac.o
    0x2000fa9c        -       0x00000050   Zero   RW          806    .bss                fsmc.o
    0x2000faec        -       0x00000054   Zero   RW          853    .bss                i2c.o
    0x2000fb40        -       0x00000170   Zero   RW          896    .bss                spi.o
    0x2000fcb0        -       0x00000120   Zero   RW          946    .bss                tim.o
    0x2000fdd0        -       0x00000044   Zero   RW         1004    .bss                usart.o
    0x2000fe14   COMPRESSED   0x00000004   PAD
    0x2000fe18        -       0x00000400   Zero   RW            1    STACK               startup_stm32f407xx.o


    Execution Region RW_IRAM2 (Exec base: 0x2001c000, Load base: 0x0800b8bc, Size: 0x00000000, Max: 0x00004000, ABSOLUTE)

    **** No section assigned to this execution region ****


==============================================================================

Image component sizes


      Code (inc. data)   RO Data    RW Data    ZI Data      Debug   Object Name

       676         66          0      22576          0       5161   ad9910.o
       272         30          0          0        168       1955   adc.o
       240         30          0          0        116       1941   dac.o
       108          4          0          0          0        918   dma.o
         0          0          0          0          0       1248   fft_handle.o
       308         32          0          8         80       2519   fsmc.o
       308         20          0          0          0       1231   gpio.o
       168         26          0          0         84       1845   i2c.o
     12614         94      12160          8         94     770576   lcd.o
       842        114          0         52      16484       5169   lcd_show.o
       760        108          0         20      24606       4885   main.o
        82          0          0          0          0       1662   pid.o
       492         54          0          0        368       2876   spi.o
        36          8        392          0       1024        876   startup_stm32f407xx.o
       180         28          0         12          0       9741   stm32f4xx_hal.o
      1504         64          0          0          0       9657   stm32f4xx_hal_adc.o
         2          0          0          0          0       1089   stm32f4xx_hal_adc_ex.o
       198         14          0          0          0      34167   stm32f4xx_hal_cortex.o
       110          0          0          0          0       2031   stm32f4xx_hal_dac.o
       902         16          8          0          0       6127   stm32f4xx_hal_dma.o
       474         46          0          0          0       2420   stm32f4xx_hal_gpio.o
       392         16          0          0          0       3199   stm32f4xx_hal_i2c.o
        48          6          0          0          0        938   stm32f4xx_hal_msp.o
      1328         76          0          0          0       5632   stm32f4xx_hal_rcc.o
       188          0          0          0          0       1279   stm32f4xx_hal_spi.o
        92          0          0          0          0       1300   stm32f4xx_hal_sram.o
      2938        174          0          0          0      25755   stm32f4xx_hal_tim.o
       148         28          0          0          0       2709   stm32f4xx_hal_tim_ex.o
       660         10          0          0          0       4412   stm32f4xx_hal_uart.o
       116         44          0          0          0       8191   stm32f4xx_it.o
       232         14          0          0          0       4119   stm32f4xx_ll_fsmc.o
        16          4         24          4          0       1255   system_stm32f4xx.o
       812         58          0          0        288       4473   tim.o
       188         26          0          0         68       2566   usart.o

    ----------------------------------------------------------------------
     27464       1210      12616      22680      43388     933922   Object Totals
         0          0         32          0          0          0   (incl. Generated)
        30          0          0          0          8          0   (incl. Padding)

    ----------------------------------------------------------------------

      Code (inc. data)   RO Data    RW Data    ZI Data      Debug   Library Member Name

        94          0          0          0          0          0   __dclz77c.o
         0          0          0          0          0          0   entry.o
         0          0          0          0          0          0   entry10a.o
         0          0          0          0          0          0   entry11a.o
         4          0          0          0          0          0   entry12b.o
         8          4          0          0          0          0   entry2.o
         4          0          0          0          0          0   entry5.o
         0          0          0          0          0          0   entry7b.o
         0          0          0          0          0          0   entry8b.o
         8          4          0          0          0          0   entry9a.o
        30          0          0          0          0          0   handlers.o
        36          8          0          0          0         68   init.o
         0          0          0          0          0          0   iusefp.o
        30          0          0          0          0         68   llshl.o
        36          0          0          0          0         68   llsshr.o
        32          0          0          0          0         68   llushr.o
        36          0          0          0          0        108   memseta.o
      2268         96          0          0          0        616   printfa.o
         0          0          0          4          0          0   stdout.o
        44          0          0          0          0         80   uidiv.o
        98          0          0          0          0         92   uldiv.o
        48          0          0          0          0         68   cdrcmple.o
        56          0          0          0          0         88   d2f.o
       334          0          0          0          0        148   dadd.o
       222          0          0          0          0        100   ddiv.o
       186          0          0          0          0        176   depilogue.o
        50          0          0          0          0         76   dfixui.o
        48          0          0          0          0         68   dfixul.o
        26          0          0          0          0         76   dfltui.o
       228          0          0          0          0         96   dmul.o
        38          0          0          0          0         68   f2d.o
       110          0          0          0          0        168   fepilogue.o

    ----------------------------------------------------------------------
      4080        112          0          4          0       2300   Library Totals
         6          0          0          0          0          0   (incl. Padding)

    ----------------------------------------------------------------------

      Code (inc. data)   RO Data    RW Data    ZI Data      Debug   Library Name

      2728        112          0          4          0       1168   mc_w.l
      1346          0          0          0          0       1132   mf_w.l

    ----------------------------------------------------------------------
      4080        112          0          4          0       2300   Library Totals

    ----------------------------------------------------------------------

==============================================================================


      Code (inc. data)   RO Data    RW Data    ZI Data      Debug   

     31544       1322      12616      22684      43388     920362   Grand Totals
     31544       1322      12616       3132      43388     920362   ELF Image Totals (compressed)
     31544       1322      12616       3132          0          0   ROM Totals

==============================================================================

    Total RO  Size (Code + RO Data)                44160 (  43.13kB)
    Total RW  Size (RW Data + ZI Data)             66072 (  64.52kB)
    Total ROM Size (Code + RO Data + RW Data)      47292 (  46.18kB)

==============================================================================

